Archive member included to satisfy reference by file (symbol)

/usr/local/Cellar/avr-gcc/7.2.0/lib/gcc/avr/7.2.0/../../../../avr/lib/avr5/libm.a(addsf3.o)
                              obj/Print.o (__subsf3)
/usr/local/Cellar/avr-gcc/7.2.0/lib/gcc/avr/7.2.0/../../../../avr/lib/avr5/libm.a(addsf3x.o)
                              /usr/local/Cellar/avr-gcc/7.2.0/lib/gcc/avr/7.2.0/../../../../avr/lib/avr5/libm.a(addsf3.o) (__addsf3x)
/usr/local/Cellar/avr-gcc/7.2.0/lib/gcc/avr/7.2.0/../../../../avr/lib/avr5/libm.a(cmpsf2.o)
                              obj/Print.o (__ltsf2)
/usr/local/Cellar/avr-gcc/7.2.0/lib/gcc/avr/7.2.0/../../../../avr/lib/avr5/libm.a(divsf3.o)
                              obj/Print.o (__divsf3)
/usr/local/Cellar/avr-gcc/7.2.0/lib/gcc/avr/7.2.0/../../../../avr/lib/avr5/libm.a(divsf3x.o)
                              /usr/local/Cellar/avr-gcc/7.2.0/lib/gcc/avr/7.2.0/../../../../avr/lib/avr5/libm.a(divsf3.o) (__divsf3x)
/usr/local/Cellar/avr-gcc/7.2.0/lib/gcc/avr/7.2.0/../../../../avr/lib/avr5/libm.a(fixunssfsi.o)
                              obj/Print.o (__fixunssfsi)
/usr/local/Cellar/avr-gcc/7.2.0/lib/gcc/avr/7.2.0/../../../../avr/lib/avr5/libm.a(floatsisf.o)
                              obj/Print.o (__floatunsisf)
/usr/local/Cellar/avr-gcc/7.2.0/lib/gcc/avr/7.2.0/../../../../avr/lib/avr5/libm.a(fp_cmp.o)
                              /usr/local/Cellar/avr-gcc/7.2.0/lib/gcc/avr/7.2.0/../../../../avr/lib/avr5/libm.a(cmpsf2.o) (__fp_cmp)
/usr/local/Cellar/avr-gcc/7.2.0/lib/gcc/avr/7.2.0/../../../../avr/lib/avr5/libm.a(fp_inf.o)
                              /usr/local/Cellar/avr-gcc/7.2.0/lib/gcc/avr/7.2.0/../../../../avr/lib/avr5/libm.a(addsf3x.o) (__fp_inf)
/usr/local/Cellar/avr-gcc/7.2.0/lib/gcc/avr/7.2.0/../../../../avr/lib/avr5/libm.a(fp_nan.o)
                              /usr/local/Cellar/avr-gcc/7.2.0/lib/gcc/avr/7.2.0/../../../../avr/lib/avr5/libm.a(addsf3x.o) (__fp_nan)
/usr/local/Cellar/avr-gcc/7.2.0/lib/gcc/avr/7.2.0/../../../../avr/lib/avr5/libm.a(fp_pscA.o)
                              /usr/local/Cellar/avr-gcc/7.2.0/lib/gcc/avr/7.2.0/../../../../avr/lib/avr5/libm.a(addsf3x.o) (__fp_pscA)
/usr/local/Cellar/avr-gcc/7.2.0/lib/gcc/avr/7.2.0/../../../../avr/lib/avr5/libm.a(fp_pscB.o)
                              /usr/local/Cellar/avr-gcc/7.2.0/lib/gcc/avr/7.2.0/../../../../avr/lib/avr5/libm.a(addsf3x.o) (__fp_pscB)
/usr/local/Cellar/avr-gcc/7.2.0/lib/gcc/avr/7.2.0/../../../../avr/lib/avr5/libm.a(fp_round.o)
                              /usr/local/Cellar/avr-gcc/7.2.0/lib/gcc/avr/7.2.0/../../../../avr/lib/avr5/libm.a(addsf3.o) (__fp_round)
/usr/local/Cellar/avr-gcc/7.2.0/lib/gcc/avr/7.2.0/../../../../avr/lib/avr5/libm.a(fp_split3.o)
                              /usr/local/Cellar/avr-gcc/7.2.0/lib/gcc/avr/7.2.0/../../../../avr/lib/avr5/libm.a(addsf3x.o) (__fp_split3)
/usr/local/Cellar/avr-gcc/7.2.0/lib/gcc/avr/7.2.0/../../../../avr/lib/avr5/libm.a(fp_zero.o)
                              /usr/local/Cellar/avr-gcc/7.2.0/lib/gcc/avr/7.2.0/../../../../avr/lib/avr5/libm.a(addsf3x.o) (__fp_zero)
/usr/local/Cellar/avr-gcc/7.2.0/lib/gcc/avr/7.2.0/../../../../avr/lib/avr5/libm.a(gesf2.o)
                              obj/Print.o (__gtsf2)
/usr/local/Cellar/avr-gcc/7.2.0/lib/gcc/avr/7.2.0/../../../../avr/lib/avr5/libm.a(mulsf3.o)
                              obj/Print.o (__mulsf3)
/usr/local/Cellar/avr-gcc/7.2.0/lib/gcc/avr/7.2.0/../../../../avr/lib/avr5/libm.a(mulsf3x.o)
                              /usr/local/Cellar/avr-gcc/7.2.0/lib/gcc/avr/7.2.0/../../../../avr/lib/avr5/libm.a(mulsf3.o) (__mulsf3x)
/usr/local/Cellar/avr-gcc/7.2.0/lib/gcc/avr/7.2.0/../../../../avr/lib/avr5/libm.a(unordsf2.o)
                              obj/Print.o (__unordsf2)
/usr/local/Cellar/avr-gcc/7.2.0/lib/gcc/avr/7.2.0/avr5/libgcc.a(_udivmodhi4.o)
                              obj/Adafruit_FIFO.o (__udivmodhi4)
/usr/local/Cellar/avr-gcc/7.2.0/lib/gcc/avr/7.2.0/avr5/libgcc.a(_divmodhi4.o)
                              obj/Yek.o (__divmodhi4)
/usr/local/Cellar/avr-gcc/7.2.0/lib/gcc/avr/7.2.0/avr5/libgcc.a(_udivmodsi4.o)
                              obj/Print.o (__udivmodsi4)
/usr/local/Cellar/avr-gcc/7.2.0/lib/gcc/avr/7.2.0/avr5/libgcc.a(_exit.o)
                              /usr/local/Cellar/avr-gcc/7.2.0/lib/gcc/avr/7.2.0/../../../../avr/lib/avr5/crtatmega32u4.o (exit)
/usr/local/Cellar/avr-gcc/7.2.0/lib/gcc/avr/7.2.0/avr5/libgcc.a(_copy_data.o)
                              obj/u8x8_display.o (__do_copy_data)
/usr/local/Cellar/avr-gcc/7.2.0/lib/gcc/avr/7.2.0/avr5/libgcc.a(_clear_bss.o)
                              obj/u8x8_byte.o (__do_clear_bss)
/usr/local/Cellar/avr-gcc/7.2.0/lib/gcc/avr/7.2.0/avr5/libgcc.a(_muluhisi3.o)
                              obj/Stream.o (__muluhisi3)
/usr/local/Cellar/avr-gcc/7.2.0/lib/gcc/avr/7.2.0/avr5/libgcc.a(_umulhisi3.o)
                              /usr/local/Cellar/avr-gcc/7.2.0/lib/gcc/avr/7.2.0/avr5/libgcc.a(_muluhisi3.o) (__umulhisi3)
[...]
Memory Configuration

Name             Origin             Length             Attributes
text             0x0000000000000000 0x0000000000020000 xr
data             0x0000000000800060 0x000000000000ffa0 rw !x
eeprom           0x0000000000810000 0x0000000000010000 rw !x
fuse             0x0000000000820000 0x0000000000000400 rw !x
lock             0x0000000000830000 0x0000000000000400 rw !x
signature        0x0000000000840000 0x0000000000000400 rw !x
user_signatures  0x0000000000850000 0x0000000000000400 rw !x
*default*        0x0000000000000000 0xffffffffffffffff

Linker script and memory map

Address of section .data set to 0x800100
LOAD /usr/local/Cellar/avr-gcc/7.2.0/lib/gcc/avr/7.2.0/../../../../avr/lib/avr5/crtatmega32u4.o
LOAD obj/Descriptors.o
LOAD obj/u8x8_8x8.o
LOAD obj/u8x8_display.o
LOAD obj/u8x8_byte.o
LOAD obj/u8x8_cad.o
LOAD obj/u8x8_fonts.o
LOAD obj/u8x8_debounce.o
LOAD obj/u8x8_string.o
LOAD obj/u8x8_d_ssd1306_128x32.o
LOAD obj/u8x8_gpio.o
LOAD obj/u8x8_setup.o
LOAD obj/millis.o
LOAD obj/fram.o
LOAD obj/fps_c.o
LOAD obj/Adafruit_FIFO.o
LOAD obj/WString.o
LOAD obj/Print.o
LOAD obj/Stream.o
LOAD obj/Adafruit_ATParser.o
LOAD obj/Adafruit_BLE.o
LOAD obj/Adafruit_BLEMIDI.o
LOAD obj/Adafruit_BluefruitLE_SPI.o
LOAD obj/ble_c.o
LOAD obj/FPS_GT511C3.o
LOAD obj/Yek.o
LOAD obj/Serial_AVR8.o
LOAD obj/TWI_AVR8.o
LOAD obj/HIDParser.o
LOAD obj/Device_AVR8.o
LOAD obj/EndpointStream_AVR8.o
LOAD obj/Endpoint_AVR8.o
LOAD obj/Host_AVR8.o
LOAD obj/PipeStream_AVR8.o
LOAD obj/Pipe_AVR8.o
LOAD obj/USBController_AVR8.o
LOAD obj/USBInterrupt_AVR8.o
LOAD obj/ConfigDescriptors.o
LOAD obj/DeviceStandardReq.o
LOAD obj/Events.o
LOAD obj/HostStandardReq.o
LOAD obj/USBTask.o
LOAD obj/AudioClassDevice.o
LOAD obj/CDCClassDevice.o
LOAD obj/HIDClassDevice.o
LOAD obj/MassStorageClassDevice.o
LOAD obj/MIDIClassDevice.o
LOAD obj/PrinterClassDevice.o
LOAD obj/RNDISClassDevice.o
LOAD obj/AndroidAccessoryClassHost.o
LOAD obj/AudioClassHost.o
LOAD obj/CDCClassHost.o
LOAD obj/HIDClassHost.o
LOAD obj/MassStorageClassHost.o
LOAD obj/MIDIClassHost.o
LOAD obj/PrinterClassHost.o
LOAD obj/RNDISClassHost.o
LOAD obj/StillImageClassHost.o
LOAD /usr/local/Cellar/avr-gcc/7.2.0/lib/gcc/avr/7.2.0/../../../../avr/lib/avr5/libm.a
START GROUP
LOAD /usr/local/Cellar/avr-gcc/7.2.0/lib/gcc/avr/7.2.0/avr5/libgcc.a
LOAD /usr/local/Cellar/avr-gcc/7.2.0/lib/gcc/avr/7.2.0/../../../../avr/lib/avr5/libm.a
LOAD /usr/local/Cellar/avr-gcc/7.2.0/lib/gcc/avr/7.2.0/../../../../avr/lib/avr5/libc.a
LOAD /usr/local/Cellar/avr-gcc/7.2.0/lib/gcc/avr/7.2.0/../../../../avr/lib/avr5/libatmega32u4.a
END GROUP
                0x0000000000020000                __TEXT_REGION_LENGTH__ = DEFINED (__TEXT_REGION_LENGTH__)?__TEXT_REGION_LENGTH__:0x20000
                0x000000000000ffa0                __DATA_REGION_LENGTH__ = DEFINED (__DATA_REGION_LENGTH__)?__DATA_REGION_LENGTH__:0xffa0
                0x0000000000010000                __EEPROM_REGION_LENGTH__ = DEFINED (__EEPROM_REGION_LENGTH__)?__EEPROM_REGION_LENGTH__:0x10000
                0x0000000000000400                __FUSE_REGION_LENGTH__ = DEFINED (__FUSE_REGION_LENGTH__)?__FUSE_REGION_LENGTH__:0x400
                0x0000000000000400                __LOCK_REGION_LENGTH__ = DEFINED (__LOCK_REGION_LENGTH__)?__LOCK_REGION_LENGTH__:0x400
                0x0000000000000400                __SIGNATURE_REGION_LENGTH__ = DEFINED (__SIGNATURE_REGION_LENGTH__)?__SIGNATURE_REGION_LENGTH__:0x400
                0x0000000000000400                __USER_SIGNATURE_REGION_LENGTH__ = DEFINED (__USER_SIGNATURE_REGION_LENGTH__)?__USER_SIGNATURE_REGION_LENGTH__:0x400

.hash
 *(.hash)

.dynsym
 *(.dynsym)

.dynstr
 *(.dynstr)

.gnu.version
 *(.gnu.version)

.gnu.version_d
 *(.gnu.version_d)

.gnu.version_r
 *(.gnu.version_r)

.rel.init
 *(.rel.init)

.rela.init
 *(.rela.init)

.rel.text
 *(.rel.text)
 *(.rel.text.*)
 *(.rel.gnu.linkonce.t*)

.rela.text
 *(.rela.text)
 *(.rela.text.*)
 *(.rela.gnu.linkonce.t*)

.rel.fini
 *(.rel.fini)

.rela.fini
 *(.rela.fini)

.rel.rodata
 *(.rel.rodata)
 *(.rel.rodata.*)
 *(.rel.gnu.linkonce.r*)

.rela.rodata
 *(.rela.rodata)
 *(.rela.rodata.*)
 *(.rela.gnu.linkonce.r*)

.rel.data
 *(.rel.data)
 *(.rel.data.*)
 *(.rel.gnu.linkonce.d*)

.rela.data
 *(.rela.data)
 *(.rela.data.*)
 *(.rela.gnu.linkonce.d*)

.rel.ctors
 *(.rel.ctors)

.rela.ctors
 *(.rela.ctors)

.rel.dtors
 *(.rel.dtors)

.rela.dtors
 *(.rela.dtors)

.rel.got
 *(.rel.got)

.rela.got
 *(.rela.got)

.rel.bss
 *(.rel.bss)

.rela.bss
 *(.rela.bss)

.rel.plt
 *(.rel.plt)

.rela.plt
 *(.rela.plt)

.text           0x0000000000000000     0x48de
 *(.vectors)
 .vectors       0x0000000000000000       0xac /usr/local/Cellar/avr-gcc/7.2.0/lib/gcc/avr/7.2.0/../../../../avr/lib/avr5/crtatmega32u4.o
                0x0000000000000000                __vectors
                0x0000000000000000                __vector_default
 *(.vectors)
 *(.progmem.gcc*)
                0x00000000000000ac                . = ALIGN (0x2)
                0x00000000000000ac                __trampolines_start = .
 *(.trampolines)
 .trampolines   0x00000000000000ac        0x0 linker stubs
 *(.trampolines*)
                0x00000000000000ac                __trampolines_end = .
 *libprintf_flt.a:*(.progmem.data)
 *libc.a:*(.progmem.data)
 *(.progmem*)
 .progmem.data  0x00000000000000ac       0x8c obj/Descriptors.o
                0x00000000000000ac                ProductString
                0x00000000000000ca                ManufacturerString
                0x00000000000000e4                LanguageString
                0x00000000000000e8                ConfigurationDescriptor
                0x0000000000000126                DeviceDescriptor
 .progmem.u8x8_font_chroma48medium8_r
                0x0000000000000138      0x302 obj/u8x8_fonts.o
                0x0000000000000138                u8x8_font_chroma48medium8_r
 .progmem.data  0x000000000000043a       0xf9 obj/Adafruit_BLE.o
 .progmem.data  0x0000000000000533       0x3e obj/ble_c.o
                0x0000000000000572                . = ALIGN (0x2)
 *fill*         0x0000000000000571        0x1 
 *(.jumptables)
 *(.jumptables*)
 *(.lowtext)
 *(.lowtext*)
                0x0000000000000572                __ctors_start = .
 *(.ctors)
                0x0000000000000572                __ctors_end = .
                0x0000000000000572                __dtors_start = .
 *(.dtors)
                0x0000000000000572                __dtors_end = .
 SORT(*)(.ctors)
 SORT(*)(.dtors)
 *(.init0)
 .init0         0x0000000000000572        0x0 /usr/local/Cellar/avr-gcc/7.2.0/lib/gcc/avr/7.2.0/../../../../avr/lib/avr5/crtatmega32u4.o
                0x0000000000000572                __init
 *(.init0)
 *(.init1)
 *(.init1)
 *(.init2)
 .init2         0x0000000000000572        0xc /usr/local/Cellar/avr-gcc/7.2.0/lib/gcc/avr/7.2.0/../../../../avr/lib/avr5/crtatmega32u4.o
 *(.init2)
 *(.init3)
 *(.init3)
 *(.init4)
 .init4         0x000000000000057e       0x16 /usr/local/Cellar/avr-gcc/7.2.0/lib/gcc/avr/7.2.0/avr5/libgcc.a(_copy_data.o)
                0x000000000000057e                __do_copy_data
 .init4         0x0000000000000594       0x10 /usr/local/Cellar/avr-gcc/7.2.0/lib/gcc/avr/7.2.0/avr5/libgcc.a(_clear_bss.o)
                0x0000000000000594                __do_clear_bss
 *(.init4)
 *(.init5)
 *(.init5)
 *(.init6)
 *(.init6)
 *(.init7)
 *(.init7)
 *(.init8)
 *(.init8)
 *(.init9)
 .init9         0x00000000000005a4        0x8 /usr/local/Cellar/avr-gcc/7.2.0/lib/gcc/avr/7.2.0/../../../../avr/lib/avr5/crtatmega32u4.o
 *(.init9)
 *(.text)
 .text          0x00000000000005ac        0x2 /usr/local/Cellar/avr-gcc/7.2.0/lib/gcc/avr/7.2.0/../../../../avr/lib/avr5/crtatmega32u4.o
                0x00000000000005ac                __vector_42
                0x00000000000005ac                __vector_22
                0x00000000000005ac                __vector_28
                0x00000000000005ac                __vector_1
                0x00000000000005ac                __vector_32
                0x00000000000005ac                __vector_34
                0x00000000000005ac                __vector_24
                0x00000000000005ac                __vector_12
                0x00000000000005ac                __bad_interrupt
                0x00000000000005ac                __vector_6
                0x00000000000005ac                __vector_31
                0x00000000000005ac                __vector_35
                0x00000000000005ac                __vector_39
                0x00000000000005ac                __vector_3
                0x00000000000005ac                __vector_23
                0x00000000000005ac                __vector_30
                0x00000000000005ac                __vector_25
                0x00000000000005ac                __vector_13
                0x00000000000005ac                __vector_17
                0x00000000000005ac                __vector_19
                0x00000000000005ac                __vector_7
                0x00000000000005ac                __vector_41
                0x00000000000005ac                __vector_27
                0x00000000000005ac                __vector_5
                0x00000000000005ac                __vector_33
                0x00000000000005ac                __vector_37
                0x00000000000005ac                __vector_4
                0x00000000000005ac                __vector_9
                0x00000000000005ac                __vector_2
                0x00000000000005ac                __vector_15
                0x00000000000005ac                __vector_36
                0x00000000000005ac                __vector_29
                0x00000000000005ac                __vector_40
                0x00000000000005ac                __vector_8
                0x00000000000005ac                __vector_26
                0x00000000000005ac                __vector_14
                0x00000000000005ac                __vector_16
                0x00000000000005ac                __vector_18
                0x00000000000005ac                __vector_20
                0x00000000000005ac                __vector_38
                0x00000000000005ae                . = ALIGN (0x2)
 *(.text.*)
 .text.CALLBACK_USB_GetDescriptor
                0x00000000000005ae       0x60 obj/Descriptors.o
                0x00000000000005ae                CALLBACK_USB_GetDescriptor
 .text.u8x8_get_glyph_data
                0x000000000000060e       0x82 obj/u8x8_8x8.o
 .text.u8x8_ascii_next
                0x0000000000000690       0x14 obj/u8x8_8x8.o
                0x0000000000000690                u8x8_ascii_next
 .text.u8x8_SetFont
                0x00000000000006a4        0x8 obj/u8x8_8x8.o
                0x00000000000006a4                u8x8_SetFont
 .text.u8x8_DrawGlyph
                0x00000000000006ac       0x5e obj/u8x8_8x8.o
                0x00000000000006ac                u8x8_DrawGlyph
 .text.u8x8_draw_string
                0x000000000000070a       0x58 obj/u8x8_8x8.o
 .text.u8x8_DrawString
                0x0000000000000762       0x10 obj/u8x8_8x8.o
                0x0000000000000762                u8x8_DrawString
 .text.u8x8_d_helper_display_setup_memory
                0x0000000000000772       0x10 obj/u8x8_display.o
                0x0000000000000772                u8x8_d_helper_display_setup_memory
 .text.u8x8_d_helper_display_init
                0x0000000000000782       0x64 obj/u8x8_display.o
                0x0000000000000782                u8x8_d_helper_display_init
 .text.u8x8_DrawTile
                0x00000000000007e6       0x44 obj/u8x8_display.o
                0x00000000000007e6                u8x8_DrawTile
 .text.u8x8_SetupMemory
                0x000000000000082a       0x12 obj/u8x8_display.o
                0x000000000000082a                u8x8_SetupMemory
 .text.u8x8_InitDisplay
                0x000000000000083c       0x12 obj/u8x8_display.o
                0x000000000000083c                u8x8_InitDisplay
 .text.u8x8_SetPowerSave
                0x000000000000084e       0x12 obj/u8x8_display.o
                0x000000000000084e                u8x8_SetPowerSave
 .text.u8x8_SetFlipMode
                0x0000000000000860       0x12 obj/u8x8_display.o
                0x0000000000000860                u8x8_SetFlipMode
 .text.u8x8_ClearDisplayWithTile
                0x0000000000000872       0x6e obj/u8x8_display.o
                0x0000000000000872                u8x8_ClearDisplayWithTile
 .text.u8x8_ClearDisplay
                0x00000000000008e0       0x38 obj/u8x8_display.o
                0x00000000000008e0                u8x8_ClearDisplay
 .text.u8x8_byte_SendBytes
                0x0000000000000918       0x10 obj/u8x8_byte.o
                0x0000000000000918                u8x8_byte_SendBytes
 .text.u8x8_byte_SendByte
                0x0000000000000928       0x1e obj/u8x8_byte.o
                0x0000000000000928                u8x8_byte_SendByte
 .text.u8x8_byte_StartTransfer
                0x0000000000000946       0x12 obj/u8x8_byte.o
                0x0000000000000946                u8x8_byte_StartTransfer
 .text.u8x8_byte_EndTransfer
                0x0000000000000958       0x12 obj/u8x8_byte.o
                0x0000000000000958                u8x8_byte_EndTransfer
 .text.u8x8_i2c_data_transfer
                0x000000000000096a       0x34 obj/u8x8_cad.o
 .text.u8x8_cad_SendCmd
                0x000000000000099e       0x12 obj/u8x8_cad.o
                0x000000000000099e                u8x8_cad_SendCmd
 .text.u8x8_cad_SendArg
                0x00000000000009b0       0x12 obj/u8x8_cad.o
                0x00000000000009b0                u8x8_cad_SendArg
 .text.u8x8_cad_SendData
                0x00000000000009c2       0x10 obj/u8x8_cad.o
                0x00000000000009c2                u8x8_cad_SendData
 .text.u8x8_cad_StartTransfer
                0x00000000000009d2       0x12 obj/u8x8_cad.o
                0x00000000000009d2                u8x8_cad_StartTransfer
 .text.u8x8_cad_EndTransfer
                0x00000000000009e4       0x12 obj/u8x8_cad.o
                0x00000000000009e4                u8x8_cad_EndTransfer
 .text.u8x8_cad_SendSequence
                0x00000000000009f6       0x92 obj/u8x8_cad.o
                0x00000000000009f6                u8x8_cad_SendSequence
 .text.u8x8_cad_ssd13xx_i2c
                0x0000000000000a88       0x88 obj/u8x8_cad.o
                0x0000000000000a88                u8x8_cad_ssd13xx_i2c
 .text.u8x8_d_ssd1306_128x32_univision
                0x0000000000000b10       0xe0 obj/u8x8_d_ssd1306_128x32.o
                0x0000000000000b10                u8x8_d_ssd1306_128x32_univision
 .text.u8x8_gpio_call
                0x0000000000000bf0        0xe obj/u8x8_gpio.o
                0x0000000000000bf0                u8x8_gpio_call
 .text.u8x8_dummy_cb
                0x0000000000000bfe        0x4 obj/u8x8_setup.o
                0x0000000000000bfe                u8x8_dummy_cb
 .text.u8x8_SetupDefaults
                0x0000000000000c02       0x28 obj/u8x8_setup.o
                0x0000000000000c02                u8x8_SetupDefaults
 .text.u8x8_Setup
                0x0000000000000c2a       0x42 obj/u8x8_setup.o
                0x0000000000000c2a                u8x8_Setup
 .text.millis_init
                0x0000000000000c6c       0x12 obj/millis.o
                0x0000000000000c6c                millis_init
 .text.millis_get
                0x0000000000000c7e       0x18 obj/millis.o
                0x0000000000000c7e                millis_get
 .text.__vector_21
                0x0000000000000c96       0x4a obj/millis.o
                0x0000000000000c96                __vector_21
 .text.fram_begin
                0x0000000000000ce0       0x1c obj/fram.o
                0x0000000000000ce0                fram_begin
 .text.fram_write8
                0x0000000000000cfc       0x34 obj/fram.o
                0x0000000000000cfc                fram_write8
 .text.fram_read8
                0x0000000000000d30       0x54 obj/fram.o
                0x0000000000000d30                fram_read8
 .text.fps_New  0x0000000000000d84       0x2c obj/fps_c.o
                0x0000000000000d84                fps_New
 .text.fps_Open
                0x0000000000000db0        0xc obj/fps_c.o
                0x0000000000000db0                fps_Open
 .text.fps_SetLED
                0x0000000000000dbc        0xe obj/fps_c.o
                0x0000000000000dbc                fps_SetLED
 .text.fps_IsPressFinger
                0x0000000000000dca        0xc obj/fps_c.o
                0x0000000000000dca                fps_IsPressFinger
 .text.fps_CaptureFinger
                0x0000000000000dd6        0xe obj/fps_c.o
                0x0000000000000dd6                fps_CaptureFinger
 .text.fps_Identify1_N
                0x0000000000000de4        0xc obj/fps_c.o
                0x0000000000000de4                fps_Identify1_N
 .text.fps_DeleteAll
                0x0000000000000df0        0xc obj/fps_c.o
                0x0000000000000df0                fps_DeleteAll
 .text.fps_EnrollStart
                0x0000000000000dfc        0xe obj/fps_c.o
                0x0000000000000dfc                fps_EnrollStart
 .text.fps_CheckEnrolled
                0x0000000000000e0a        0xe obj/fps_c.o
                0x0000000000000e0a                fps_CheckEnrolled
 .text.fps_Enroll1
                0x0000000000000e18        0xc obj/fps_c.o
                0x0000000000000e18                fps_Enroll1
 .text.fps_Enroll2
                0x0000000000000e24        0xc obj/fps_c.o
                0x0000000000000e24                fps_Enroll2
 .text.fps_Enroll3
                0x0000000000000e30        0xc obj/fps_c.o
                0x0000000000000e30                fps_Enroll3
 .text._ZN13Adafruit_FIFOC2EPvjhb
                0x0000000000000e3c       0x20 obj/Adafruit_FIFO.o
                0x0000000000000e3c                Adafruit_FIFO::Adafruit_FIFO(void*, unsigned int, unsigned char, bool)
                0x0000000000000e3c                Adafruit_FIFO::Adafruit_FIFO(void*, unsigned int, unsigned char, bool)
 .text._ZN13Adafruit_FIFO5clearEv
                0x0000000000000e5c       0x10 obj/Adafruit_FIFO.o
                0x0000000000000e5c                Adafruit_FIFO::clear()
 .text._ZN13Adafruit_FIFO5writeEPKv
                0x0000000000000e6c       0x76 obj/Adafruit_FIFO.o
                0x0000000000000e6c                Adafruit_FIFO::write(void const*)
 .text._ZN13Adafruit_FIFO7write_nEPKvj
                0x0000000000000ee2       0x4c obj/Adafruit_FIFO.o
                0x0000000000000ee2                Adafruit_FIFO::write_n(void const*, unsigned int)
 .text._ZN13Adafruit_FIFO4readEPv
                0x0000000000000f2e       0x5a obj/Adafruit_FIFO.o
                0x0000000000000f2e                Adafruit_FIFO::read(void*)
 .text._ZN13Adafruit_FIFO4peekEPv
                0x0000000000000f88       0x36 obj/Adafruit_FIFO.o
                0x0000000000000f88                Adafruit_FIFO::peek(void*)
 .text._ZN5Print17availableForWriteEv
                0x0000000000000fbe        0x6 obj/Print.o
                0x0000000000000fbe                Print::availableForWrite()
 .text._ZN5Print5flushEv
                0x0000000000000fc4        0x2 obj/Print.o
                0x0000000000000fc4                Print::flush()
 .text._ZN5Print5writeEPKhj
                0x0000000000000fc6       0x5a obj/Print.o
                0x0000000000000fc6                Print::write(unsigned char const*, unsigned int)
 .text._ZN5Print5writeEPKc.part.2
                0x0000000000001020       0x1e obj/Print.o
 .text._ZN5Print5printEPK19__FlashStringHelper
                0x000000000000103e       0x48 obj/Print.o
                0x000000000000103e                Print::print(__FlashStringHelper const*)
 .text._ZN5Print5printEPKc
                0x0000000000001086        0xe obj/Print.o
                0x0000000000001086                Print::print(char const*)
 .text._ZN5Print5printEc
                0x0000000000001094        0xe obj/Print.o
                0x0000000000001094                Print::print(char)
 .text._ZN5Print7printlnEv
                0x00000000000010a2        0x6 obj/Print.o
                0x00000000000010a2                Print::println()
 .text._ZN5Print7printlnEPK19__FlashStringHelper
                0x00000000000010a8       0x20 obj/Print.o
                0x00000000000010a8                Print::println(__FlashStringHelper const*)
 .text._ZN5Print7printlnEPKc
                0x00000000000010c8       0x20 obj/Print.o
                0x00000000000010c8                Print::println(char const*)
 .text._ZN5Print11printNumberEmh
                0x00000000000010e8       0x96 obj/Print.o
                0x00000000000010e8                Print::printNumber(unsigned long, unsigned char)
 .text._ZN5Print5printEli
                0x000000000000117e       0x8e obj/Print.o
                0x000000000000117e                Print::print(long, int)
 .text._ZN5Print5printEii
                0x000000000000120c        0xc obj/Print.o
                0x000000000000120c                Print::print(int, int)
 .text._ZN5Print5printEmi
                0x0000000000001218       0x18 obj/Print.o
                0x0000000000001218                Print::print(unsigned long, int)
 .text._ZN5Print5printEhi
                0x0000000000001230        0xc obj/Print.o
                0x0000000000001230                Print::print(unsigned char, int)
 .text._ZN5Print5printEji
                0x000000000000123c        0xa obj/Print.o
                0x000000000000123c                Print::print(unsigned int, int)
 .text.__cxa_pure_virtual
                0x0000000000001246        0x2 obj/Adafruit_ATParser.o
                0x0000000000001246                __cxa_pure_virtual
 .text._ZN17Adafruit_ATParserC2Ev
                0x0000000000001248       0x26 obj/Adafruit_ATParser.o
                0x0000000000001248                Adafruit_ATParser::Adafruit_ATParser()
                0x0000000000001248                Adafruit_ATParser::Adafruit_ATParser()
 .text._ZN17Adafruit_ATParser8readlineEPcjjb
                0x000000000000126e       0xa4 obj/Adafruit_ATParser.o
                0x000000000000126e                Adafruit_ATParser::readline(char*, unsigned int, unsigned int, bool)
 .text._ZN17Adafruit_ATParser9waitForOKEv
                0x0000000000001312       0x96 obj/Adafruit_ATParser.o
                0x0000000000001312                Adafruit_ATParser::waitForOK()
 .text._ZN17Adafruit_ATParser17readline_parseIntEv
                0x00000000000013a8       0x40 obj/Adafruit_ATParser.o
                0x00000000000013a8                Adafruit_ATParser::readline_parseInt()
 .text._ZN17Adafruit_ATParser14printByteArrayEPKhi
                0x00000000000013e8       0x8c obj/Adafruit_ATParser.o
                0x00000000000013e8                Adafruit_ATParser::printByteArray(unsigned char const*, int)
 .text._ZN17Adafruit_ATParser17send_arg_get_respEPlhPjPm
                0x0000000000001474      0x162 obj/Adafruit_ATParser.o
                0x0000000000001474                Adafruit_ATParser::send_arg_get_resp(long*, unsigned char, unsigned int*, unsigned long*)
 .text._ZN17Adafruit_ATParser14atcommand_fullEPK19__FlashStringHelperPlhPjPm
                0x00000000000015d6       0x7e obj/Adafruit_ATParser.o
                0x00000000000015d6                Adafruit_ATParser::atcommand_full(__FlashStringHelper const*, long*, unsigned char, unsigned int*, unsigned long*)
 .text._ZN17Adafruit_ATParser9atcommandEPK19__FlashStringHelper
                0x0000000000001654       0x22 obj/Adafruit_BLE.o
                0x0000000000001654                Adafruit_ATParser::atcommand(__FlashStringHelper const*)
 .text._ZN17Adafruit_ATParser8readlineEv
                0x0000000000001676       0x1a obj/Adafruit_BLE.o
                0x0000000000001676                Adafruit_ATParser::readline()
 .text._ZN12Adafruit_BLEC2Ev
                0x0000000000001690       0x54 obj/Adafruit_BLE.o
                0x0000000000001690                Adafruit_BLE::Adafruit_BLE()
                0x0000000000001690                Adafruit_BLE::Adafruit_BLE()
 .text._ZN12Adafruit_BLE5resetEb
                0x00000000000016e4       0xa6 obj/Adafruit_BLE.o
                0x00000000000016e4                Adafruit_BLE::reset(bool)
 .text._ZN12Adafruit_BLE4echoEb
                0x000000000000178a       0x62 obj/Adafruit_BLE.o
                0x000000000000178a                Adafruit_BLE::echo(bool)
 .text._ZN12Adafruit_BLE16isVersionAtLeastEPKc
                0x00000000000017ec       0x6c obj/Adafruit_BLE.o
                0x00000000000017ec                Adafruit_BLE::isVersionAtLeast(char const*)
 .text._ZN24Adafruit_BluefruitLE_SPI7setModeEh
                0x0000000000001858       0x14 obj/Adafruit_BluefruitLE_SPI.o
                0x0000000000001858                Adafruit_BluefruitLE_SPI::setMode(unsigned char)
 .text._ZN24Adafruit_BluefruitLE_SPI5flushEv
                0x000000000000186c        0x6 obj/Adafruit_BluefruitLE_SPI.o
                0x000000000000186c                Adafruit_BluefruitLE_SPI::flush()
 .text._ZNK12TimeoutTimer7expiredEv
                0x0000000000001872       0x46 obj/Adafruit_BluefruitLE_SPI.o
                0x0000000000001872                TimeoutTimer::expired() const
 .text._ZN24Adafruit_BluefruitLE_SPIC2Eaaa
                0x00000000000018b8       0x68 obj/Adafruit_BluefruitLE_SPI.o
                0x00000000000018b8                Adafruit_BluefruitLE_SPI::Adafruit_BluefruitLE_SPI(signed char, signed char, signed char)
                0x00000000000018b8                Adafruit_BluefruitLE_SPI::Adafruit_BluefruitLE_SPI(signed char, signed char, signed char)
 .text._ZN24Adafruit_BluefruitLE_SPI18simulateSwitchModeEv
                0x0000000000001920       0x46 obj/Adafruit_BluefruitLE_SPI.o
                0x0000000000001920                Adafruit_BluefruitLE_SPI::simulateSwitchMode()
 .text._ZN24Adafruit_BluefruitLE_SPI7spixferEh
                0x0000000000001966       0x4c obj/Adafruit_BluefruitLE_SPI.o
                0x0000000000001966                Adafruit_BluefruitLE_SPI::spixfer(unsigned char)
 .text._ZN24Adafruit_BluefruitLE_SPI7spixferEPvj
                0x00000000000019b2       0x34 obj/Adafruit_BluefruitLE_SPI.o
                0x00000000000019b2                Adafruit_BluefruitLE_SPI::spixfer(void*, unsigned int)
 .text._ZN24Adafruit_BluefruitLE_SPI10sendPacketEjPKhhh
                0x00000000000019e6       0xfe obj/Adafruit_BluefruitLE_SPI.o
                0x00000000000019e6                Adafruit_BluefruitLE_SPI::sendPacket(unsigned int, unsigned char const*, unsigned char, unsigned char)
 .text._ZN24Adafruit_BluefruitLE_SPI21sendInitializePatternEv
                0x0000000000001ae4       0x14 obj/Adafruit_BluefruitLE_SPI.o
                0x0000000000001ae4                Adafruit_BluefruitLE_SPI::sendInitializePattern()
 .text._ZN24Adafruit_BluefruitLE_SPI5beginEbb
                0x0000000000001af8       0x5e obj/Adafruit_BluefruitLE_SPI.o
                0x0000000000001af8                Adafruit_BluefruitLE_SPI::begin(bool, bool)
 .text._ZN24Adafruit_BluefruitLE_SPI9getPacketEP16sdepMsgCommand_t
                0x0000000000001b56      0x15c obj/Adafruit_BluefruitLE_SPI.o
                0x0000000000001b56                Adafruit_BluefruitLE_SPI::getPacket(sdepMsgCommand_t*)
 .text._ZN24Adafruit_BluefruitLE_SPI11getResponseEv
                0x0000000000001cb2       0xa0 obj/Adafruit_BluefruitLE_SPI.o
                0x0000000000001cb2                Adafruit_BluefruitLE_SPI::getResponse()
 .text._ZN24Adafruit_BluefruitLE_SPI5writeEh
                0x0000000000001d52       0xe0 obj/Adafruit_BluefruitLE_SPI.o
                0x0000000000001d52                Adafruit_BluefruitLE_SPI::write(unsigned char)
 .text._ZN24Adafruit_BluefruitLE_SPI5writeEPKhj
                0x0000000000001e32       0xd0 obj/Adafruit_BluefruitLE_SPI.o
                0x0000000000001e32                Adafruit_BluefruitLE_SPI::write(unsigned char const*, unsigned int)
 .text._ZN24Adafruit_BluefruitLE_SPI9availableEv
                0x0000000000001f02       0x5e obj/Adafruit_BluefruitLE_SPI.o
                0x0000000000001f02                Adafruit_BluefruitLE_SPI::available()
 .text._ZN24Adafruit_BluefruitLE_SPI4readEv
                0x0000000000001f60       0x8c obj/Adafruit_BluefruitLE_SPI.o
                0x0000000000001f60                Adafruit_BluefruitLE_SPI::read()
 .text._ZN24Adafruit_BluefruitLE_SPI4peekEv
                0x0000000000001fec       0x86 obj/Adafruit_BluefruitLE_SPI.o
                0x0000000000001fec                Adafruit_BluefruitLE_SPI::peek()
 .text.ble_New  0x0000000000002072       0x2e obj/ble_c.o
                0x0000000000002072                ble_New
 .text.ble_print
                0x00000000000020a0        0xe obj/ble_c.o
                0x00000000000020a0                ble_print
 .text.ble_println_array
                0x00000000000020ae        0x2 obj/ble_c.o
                0x00000000000020ae                ble_println_array
 .text.ble_println_str
                0x00000000000020b0        0xc obj/ble_c.o
                0x00000000000020b0                ble_println_str
 .text.ble_waitForOK
                0x00000000000020bc        0xa obj/ble_c.o
                0x00000000000020bc                ble_waitForOK
 .text.ble_begin
                0x00000000000020c6        0xe obj/ble_c.o
                0x00000000000020c6                ble_begin
 .text.ble_echo
                0x00000000000020d4        0xc obj/ble_c.o
                0x00000000000020d4                ble_echo
 .text.ble_setName
                0x00000000000020e0        0xe obj/ble_c.o
                0x00000000000020e0                ble_setName
 .text.ble_setHIDEn
                0x00000000000020ee        0xe obj/ble_c.o
                0x00000000000020ee                ble_setHIDEn
 .text.ble_setKeyboardOn
                0x00000000000020fc        0xe obj/ble_c.o
                0x00000000000020fc                ble_setKeyboardOn
 .text.ble_isVersionAtLeast
                0x000000000000210a        0xe obj/ble_c.o
                0x000000000000210a                ble_isVersionAtLeast
 .text.ble_reset
                0x0000000000002118        0xc obj/ble_c.o
                0x0000000000002118                ble_reset
 .text._Znwj    0x0000000000002124        0x4 obj/FPS_GT511C3.o
                0x0000000000002124                operator new(unsigned int)
 .text._ZN14Command_Packet16ParameterFromIntEi
                0x0000000000002128       0x1e obj/FPS_GT511C3.o
                0x0000000000002128                Command_Packet::ParameterFromInt(int)
 .text._ZN14Command_Packet18_CalculateChecksumEv
                0x0000000000002146       0x2c obj/FPS_GT511C3.o
                0x0000000000002146                Command_Packet::_CalculateChecksum()
 .text._ZN14Command_Packet14GetPacketBytesEv
                0x0000000000002172       0x58 obj/FPS_GT511C3.o
                0x0000000000002172                Command_Packet::GetPacketBytes()
 .text._ZN15Response_Packet10ErrorCodes14ParseFromBytesEhh
                0x00000000000021ca       0x20 obj/FPS_GT511C3.o
                0x00000000000021ca                Response_Packet::ErrorCodes::ParseFromBytes(unsigned char, unsigned char)
 .text._ZN15Response_PacketC2EPhb
                0x00000000000021ea       0x5c obj/FPS_GT511C3.o
                0x00000000000021ea                Response_Packet::Response_Packet(unsigned char*, bool)
                0x00000000000021ea                Response_Packet::Response_Packet(unsigned char*, bool)
 .text._ZN15Response_Packet16IntFromParameterEv
                0x0000000000002246       0x14 obj/FPS_GT511C3.o
                0x0000000000002246                Response_Packet::IntFromParameter()
 .text._ZN11FPS_GT511C3C2Ev
                0x000000000000225a       0x22 obj/FPS_GT511C3.o
                0x000000000000225a                FPS_GT511C3::FPS_GT511C3()
                0x000000000000225a                FPS_GT511C3::FPS_GT511C3()
 .text._ZN11FPS_GT511C311GetResponseEv
                0x000000000000227c       0x94 obj/FPS_GT511C3.o
                0x000000000000227c                FPS_GT511C3::GetResponse()
 .text._ZN11FPS_GT511C34OpenEv
                0x0000000000002310       0x54 obj/FPS_GT511C3.o
                0x0000000000002310                FPS_GT511C3::Open()
 .text._ZN11FPS_GT511C36SetLEDEb
                0x0000000000002364       0x68 obj/FPS_GT511C3.o
                0x0000000000002364                FPS_GT511C3::SetLED(bool)
 .text._ZN11FPS_GT511C313CheckEnrolledEi
                0x00000000000023cc       0x5c obj/FPS_GT511C3.o
                0x00000000000023cc                FPS_GT511C3::CheckEnrolled(int)
 .text._ZN11FPS_GT511C311EnrollStartEi
                0x0000000000002428       0x8a obj/FPS_GT511C3.o
                0x0000000000002428                FPS_GT511C3::EnrollStart(int)
 .text._ZN11FPS_GT511C37Enroll1Ev
                0x00000000000024b2       0x92 obj/FPS_GT511C3.o
                0x00000000000024b2                FPS_GT511C3::Enroll1()
 .text._ZN11FPS_GT511C37Enroll2Ev
                0x0000000000002544       0x92 obj/FPS_GT511C3.o
                0x0000000000002544                FPS_GT511C3::Enroll2()
 .text._ZN11FPS_GT511C37Enroll3Ev
                0x00000000000025d6       0x92 obj/FPS_GT511C3.o
                0x00000000000025d6                FPS_GT511C3::Enroll3()
 .text._ZN11FPS_GT511C313IsPressFingerEv
                0x0000000000002668       0x72 obj/FPS_GT511C3.o
                0x0000000000002668                FPS_GT511C3::IsPressFinger()
 .text._ZN11FPS_GT511C39DeleteAllEv
                0x00000000000026da       0x50 obj/FPS_GT511C3.o
                0x00000000000026da                FPS_GT511C3::DeleteAll()
 .text._ZN11FPS_GT511C311Identify1_NEv
                0x000000000000272a       0x60 obj/FPS_GT511C3.o
                0x000000000000272a                FPS_GT511C3::Identify1_N()
 .text._ZN11FPS_GT511C313CaptureFingerEb
                0x000000000000278a       0x64 obj/FPS_GT511C3.o
                0x000000000000278a                FPS_GT511C3::CaptureFinger(bool)
 .text.u8x8_hw_i2c
                0x00000000000027ee        0x4 obj/Yek.o
                0x00000000000027ee                u8x8_hw_i2c
 .text.u8x8_no_CB
                0x00000000000027f2        0x4 obj/Yek.o
                0x00000000000027f2                u8x8_no_CB
 .text.setupScreen
                0x00000000000027f6       0x7e obj/Yek.o
                0x00000000000027f6                setupScreen
 .text.setupBLE
                0x0000000000002874       0x1a obj/Yek.o
                0x0000000000002874                setupBLE
 .text.SetupHardware
                0x000000000000288e       0x5e obj/Yek.o
                0x000000000000288e                SetupHardware
 .text.populateArrays
                0x00000000000028ec      0x118 obj/Yek.o
                0x00000000000028ec                populateArrays
 .text.process_buttons
                0x0000000000002a04      0x208 obj/Yek.o
                0x0000000000002a04                process_buttons
 .text.addAccount
                0x0000000000002c0c      0x1a6 obj/Yek.o
                0x0000000000002c0c                addAccount
 .text.deleteAcc
                0x0000000000002db2      0x166 obj/Yek.o
                0x0000000000002db2                deleteAcc
 .text.compareArray
                0x0000000000002f18       0x20 obj/Yek.o
                0x0000000000002f18                compareArray
 .text.removeAccount
                0x0000000000002f38       0xcc obj/Yek.o
                0x0000000000002f38                removeAccount
 .text.Enroll   0x0000000000003004      0x1a4 obj/Yek.o
                0x0000000000003004                Enroll
 .text.updateScreen
                0x00000000000031a8       0x66 obj/Yek.o
                0x00000000000031a8                updateScreen
 .text.startup.main
                0x000000000000320e      0x25a obj/Yek.o
                0x000000000000320e                main
 .text.EVENT_USB_Device_Connect
                0x0000000000003468        0x2 obj/Yek.o
                0x0000000000003468                EVENT_USB_Device_Connect
 .text.EVENT_USB_Device_Disconnect
                0x000000000000346a        0x2 obj/Yek.o
                0x000000000000346a                EVENT_USB_Device_Disconnect
 .text.EVENT_USB_Device_ConfigurationChanged
                0x000000000000346c        0x6 obj/Yek.o
                0x000000000000346c                EVENT_USB_Device_ConfigurationChanged
 .text.EVENT_USB_Device_ControlRequest
                0x0000000000003472        0x6 obj/Yek.o
                0x0000000000003472                EVENT_USB_Device_ControlRequest
 .text.EVENT_CDC_Device_ControLineStateChanged
                0x0000000000003478        0x2 obj/Yek.o
                0x0000000000003478                EVENT_CDC_Device_ControLineStateChanged
 .text.Serial_SendData
                0x000000000000347a       0x20 obj/Serial_AVR8.o
                0x000000000000347a                Serial_SendData
 .text.TWI_StartTransmission
                0x000000000000349a       0xa8 obj/TWI_AVR8.o
                0x000000000000349a                TWI_StartTransmission
 .text.TWI_SendByte
                0x0000000000003542       0x22 obj/TWI_AVR8.o
                0x0000000000003542                TWI_SendByte
 .text.TWI_ReceiveByte
                0x0000000000003564       0x34 obj/TWI_AVR8.o
                0x0000000000003564                TWI_ReceiveByte
 .text.Endpoint_Write_Control_Stream_LE
                0x0000000000003598       0xbe obj/EndpointStream_AVR8.o
                0x0000000000003598                Endpoint_Write_Control_Stream_LE
 .text.Endpoint_Write_Control_PStream_LE
                0x0000000000003656       0xc0 obj/EndpointStream_AVR8.o
                0x0000000000003656                Endpoint_Write_Control_PStream_LE
 .text.Endpoint_ConfigureEndpoint_Prv
                0x0000000000003716       0x68 obj/Endpoint_AVR8.o
                0x0000000000003716                Endpoint_ConfigureEndpoint_Prv
 .text.Endpoint_ConfigureEndpointTable
                0x000000000000377e       0x78 obj/Endpoint_AVR8.o
                0x000000000000377e                Endpoint_ConfigureEndpointTable
 .text.Endpoint_ClearStatusStage
                0x00000000000037f6       0x3e obj/Endpoint_AVR8.o
                0x00000000000037f6                Endpoint_ClearStatusStage
 .text.Endpoint_WaitUntilReady
                0x0000000000003834       0x5e obj/Endpoint_AVR8.o
                0x0000000000003834                Endpoint_WaitUntilReady
 .text.USB_ResetInterface
                0x0000000000003892       0x80 obj/USBController_AVR8.o
                0x0000000000003892                USB_ResetInterface
 .text.USB_Init
                0x0000000000003912       0x20 obj/USBController_AVR8.o
                0x0000000000003912                USB_Init
 .text.USB_INT_DisableAllInterrupts
                0x0000000000003932       0x10 obj/USBInterrupt_AVR8.o
                0x0000000000003932                USB_INT_DisableAllInterrupts
 .text.USB_INT_ClearAllInterrupts
                0x0000000000003942        0xa obj/USBInterrupt_AVR8.o
                0x0000000000003942                USB_INT_ClearAllInterrupts
 .text.__vector_10
                0x000000000000394c      0x192 obj/USBInterrupt_AVR8.o
                0x000000000000394c                __vector_10
 .text.__vector_11
                0x0000000000003ade       0x76 obj/USBInterrupt_AVR8.o
                0x0000000000003ade                __vector_11
 .text.USB_Device_ProcessControlRequest
                0x0000000000003b54      0x2b8 obj/DeviceStandardReq.o
                0x0000000000003b54                USB_Device_ProcessControlRequest
 .text.USB_Event_Stub
                0x0000000000003e0c        0x2 obj/Events.o
                0x0000000000003e0c                EVENT_USB_Device_WakeUp
                0x0000000000003e0c                USB_Event_Stub
                0x0000000000003e0c                EVENT_USB_Device_Suspend
                0x0000000000003e0c                EVENT_USB_Device_StartOfFrame
                0x0000000000003e0c                EVENT_USB_Device_Reset
 .text.USB_USBTask
                0x0000000000003e0e       0x36 obj/USBTask.o
                0x0000000000003e0e                USB_USBTask
 .text.CDC_Device_ConfigureEndpoints
                0x0000000000003e44       0x4a obj/CDCClassDevice.o
                0x0000000000003e44                CDC_Device_ConfigureEndpoints
 .text.CDC_Device_SendByte
                0x0000000000003e8e       0x4e obj/CDCClassDevice.o
                0x0000000000003e8e                CDC_Device_SendByte
 .text.CDC_Device_putchar
                0x0000000000003edc       0x20 obj/CDCClassDevice.o
 .text.CDC_Device_Flush
                0x0000000000003efc       0x60 obj/CDCClassDevice.o
                0x0000000000003efc                CDC_Device_Flush
 .text.CDC_Device_USBTask
                0x0000000000003f5c       0x2c obj/CDCClassDevice.o
                0x0000000000003f5c                CDC_Device_USBTask
 .text.CDC_Device_BytesReceived
                0x0000000000003f88       0x5e obj/CDCClassDevice.o
                0x0000000000003f88                CDC_Device_BytesReceived
 .text.CDC_Device_ReceiveByte
                0x0000000000003fe6       0x6c obj/CDCClassDevice.o
                0x0000000000003fe6                CDC_Device_ReceiveByte
 .text.CDC_Device_getchar
                0x0000000000004052       0x12 obj/CDCClassDevice.o
 .text.CDC_Device_CreateStream
                0x0000000000004064       0x26 obj/CDCClassDevice.o
                0x0000000000004064                CDC_Device_CreateStream
 .text.CDC_Device_Event_Stub
                0x000000000000408a        0x2 obj/CDCClassDevice.o
                0x000000000000408a                EVENT_CDC_Device_LineEncodingChanged
                0x000000000000408a                EVENT_CDC_Device_BreakSent
                0x000000000000408a                CDC_Device_Event_Stub
 .text.CDC_Device_ProcessControlRequest
                0x000000000000408c      0x156 obj/CDCClassDevice.o
                0x000000000000408c                CDC_Device_ProcessControlRequest
 .text.libgcc.div
                0x00000000000041e2       0x28 /usr/local/Cellar/avr-gcc/7.2.0/lib/gcc/avr/7.2.0/avr5/libgcc.a(_udivmodhi4.o)
                0x00000000000041e2                __udivmodhi4
 .text.libgcc.div
                0x000000000000420a       0x26 /usr/local/Cellar/avr-gcc/7.2.0/lib/gcc/avr/7.2.0/avr5/libgcc.a(_divmodhi4.o)
                0x000000000000420a                __divmodhi4
                0x000000000000420a                _div
 .text.libgcc.div
                0x0000000000004230       0x44 /usr/local/Cellar/avr-gcc/7.2.0/lib/gcc/avr/7.2.0/avr5/libgcc.a(_udivmodsi4.o)
                0x0000000000004230                __udivmodsi4
 .text.libgcc.mul
                0x0000000000004274       0x14 /usr/local/Cellar/avr-gcc/7.2.0/lib/gcc/avr/7.2.0/avr5/libgcc.a(_muluhisi3.o)
                0x0000000000004274                __muluhisi3
 .text.libgcc.mul
                0x0000000000004288       0x1e /usr/local/Cellar/avr-gcc/7.2.0/lib/gcc/avr/7.2.0/avr5/libgcc.a(_umulhisi3.o)
                0x0000000000004288                __umulhisi3
 .text.avr-libc
                0x00000000000042a6      0x24a /usr/local/Cellar/avr-gcc/7.2.0/lib/gcc/avr/7.2.0/../../../../avr/lib/avr5/libc.a(malloc.o)
                0x00000000000042a6                malloc
                0x00000000000043de                free
 .text.avr-libc
                0x00000000000044f0      0x224 /usr/local/Cellar/avr-gcc/7.2.0/lib/gcc/avr/7.2.0/../../../../avr/lib/avr5/libc.a(strtol.o)
                0x00000000000044f0                strtol
 .text.avr-libc
                0x0000000000004714       0x10 /usr/local/Cellar/avr-gcc/7.2.0/lib/gcc/avr/7.2.0/../../../../avr/lib/avr5/libc.a(isspace.o)
                0x0000000000004714                isspace
 .text.avr-libc
                0x0000000000004724       0x1a /usr/local/Cellar/avr-gcc/7.2.0/lib/gcc/avr/7.2.0/../../../../avr/lib/avr5/libc.a(memcmp.o)
                0x0000000000004724                memcmp
 .text.avr-libc
                0x000000000000473e       0x12 /usr/local/Cellar/avr-gcc/7.2.0/lib/gcc/avr/7.2.0/../../../../avr/lib/avr5/libc.a(memcpy.o)
                0x000000000000473e                memcpy
 .text.avr-libc
                0x0000000000004750        0xe /usr/local/Cellar/avr-gcc/7.2.0/lib/gcc/avr/7.2.0/../../../../avr/lib/avr5/libc.a(memset.o)
                0x0000000000004750                memset
 .text.avr-libc
                0x000000000000475e       0x12 /usr/local/Cellar/avr-gcc/7.2.0/lib/gcc/avr/7.2.0/../../../../avr/lib/avr5/libc.a(strcmp.o)
                0x000000000000475e                strcmp
 .text.avr-libc
                0x0000000000004770        0xe /usr/local/Cellar/avr-gcc/7.2.0/lib/gcc/avr/7.2.0/../../../../avr/lib/avr5/libc.a(strcpy.o)
                0x0000000000004770                strcpy
 .text.avr-libc
                0x000000000000477e       0x52 /usr/local/Cellar/avr-gcc/7.2.0/lib/gcc/avr/7.2.0/../../../../avr/lib/avr5/libc.a(fread.o)
                0x000000000000477e                fread
 .text.avr-libc
                0x00000000000047d0        0x6 /usr/local/Cellar/avr-gcc/7.2.0/lib/gcc/avr/7.2.0/../../../../avr/lib/avr5/libc.a(cty_isfalse.o)
                0x00000000000047d0                __ctype_isfalse
                0x00000000000047d4                __ctype_istrue
 .text.avr-libc
                0x00000000000047d6       0x78 /usr/local/Cellar/avr-gcc/7.2.0/lib/gcc/avr/7.2.0/../../../../avr/lib/avr5/libc.a(fgetc.o)
                0x00000000000047d6                fgetc
 .text.libgcc.mul
                0x000000000000484e       0x1e /usr/local/Cellar/avr-gcc/7.2.0/lib/gcc/avr/7.2.0/avr5/libgcc.a(_mulsi3.o)
                0x000000000000484e                __mulsi3
 .text.libgcc.prologue
                0x000000000000486c       0x38 /usr/local/Cellar/avr-gcc/7.2.0/lib/gcc/avr/7.2.0/avr5/libgcc.a(_prologue.o)
                0x000000000000486c                __prologue_saves__
 .text.libgcc.prologue
                0x00000000000048a4       0x36 /usr/local/Cellar/avr-gcc/7.2.0/lib/gcc/avr/7.2.0/avr5/libgcc.a(_epilogue.o)
                0x00000000000048a4                __epilogue_restores__
                0x00000000000048da                . = ALIGN (0x2)
 *(.fini9)
 .fini9         0x00000000000048da        0x0 /usr/local/Cellar/avr-gcc/7.2.0/lib/gcc/avr/7.2.0/avr5/libgcc.a(_exit.o)
                0x00000000000048da                exit
                0x00000000000048da                _exit
 *(.fini9)
 *(.fini8)
 *(.fini8)
 *(.fini7)
 *(.fini7)
 *(.fini6)
 *(.fini6)
 *(.fini5)
 *(.fini5)
 *(.fini4)
 *(.fini4)
 *(.fini3)
 *(.fini3)
 *(.fini2)
 *(.fini2)
 *(.fini1)
 *(.fini1)
 *(.fini0)
 .fini0         0x00000000000048da        0x4 /usr/local/Cellar/avr-gcc/7.2.0/lib/gcc/avr/7.2.0/avr5/libgcc.a(_exit.o)
 *(.fini0)
                0x00000000000048de                _etext = .

.data           0x0000000000800100      0x212 load address 0x00000000000048de
                0x0000000000800100                PROVIDE (__data_start, .)
 *(.data)
 .data          0x0000000000800100       0x25 obj/Yek.o
                0x0000000000800100                debounce_delay
                0x0000000000800102                state_down_prev
                0x0000000000800104                state_up_prev
                0x0000000000800106                state_center_prev
                0x0000000000800108                mode
                0x0000000000800109                account_format
                0x000000000080010a                VirtualSerial_CDC_Interface
 .data          0x0000000000800125        0x6 /usr/local/Cellar/avr-gcc/7.2.0/lib/gcc/avr/7.2.0/../../../../avr/lib/avr5/libc.a(malloc.o)
                0x0000000000800125                __malloc_heap_end
                0x0000000000800127                __malloc_heap_start
                0x0000000000800129                __malloc_margin
 *(.data*)
 *(.rodata)
 .rodata        0x000000000080012b       0x65 obj/u8x8_d_ssd1306_128x32.o
 .rodata        0x0000000000800190       0x26 obj/FPS_GT511C3.o
 *(.rodata*)
 .rodata.str1.1
                0x00000000008001b6        0xc obj/Print.o
                                          0xf (size before relaxing)
 .rodata.str1.1
                0x00000000008001c2       0x14 obj/Adafruit_ATParser.o
 .rodata._ZTV17Adafruit_ATParser
                0x00000000008001d6       0x14 obj/Adafruit_ATParser.o
                0x00000000008001d6                vtable for Adafruit_ATParser
 .rodata._ZTV12Adafruit_BLE
                0x00000000008001ea       0x14 obj/Adafruit_BLE.o
                0x00000000008001ea                vtable for Adafruit_BLE
 .rodata.str1.1
                0x00000000008001fe        0xb obj/Adafruit_BluefruitLE_SPI.o
 .rodata._ZTV24Adafruit_BluefruitLE_SPI
                0x0000000000800209       0x14 obj/Adafruit_BluefruitLE_SPI.o
                0x0000000000800209                vtable for Adafruit_BluefruitLE_SPI
 .rodata.str1.1
                0x000000000080021d        0x6 obj/ble_c.o
 .rodata.str1.1
                0x0000000000800223       0xee obj/Yek.o
 *(.gnu.linkonce.d*)
                0x0000000000800312                . = ALIGN (0x2)
 *fill*         0x0000000000800311        0x1 
                0x0000000000800312                _edata = .
                0x0000000000800312                PROVIDE (__data_end, .)

.bss            0x0000000000800312      0x262
                0x0000000000800312                PROVIDE (__bss_start, .)
 *(.bss)
 .bss           0x0000000000800312        0x4 obj/millis.o
 .bss           0x0000000000800316        0x2 obj/fps_c.o
 .bss           0x0000000000800318        0x2 obj/ble_c.o
 .bss           0x000000000080031a       0x1c obj/Yek.o
                0x000000000080031a                flipState
                0x000000000080031b                debounce_time_down
                0x000000000080031d                debounce_time_up
                0x000000000080031f                debounce_time_center
                0x0000000000800321                memLoc
                0x0000000000800323                o_account
                0x0000000000800324                c_account
                0x0000000000800325                total_accounts
                0x0000000000800326                framAddr
 *(.bss*)
 *(COMMON)
 COMMON         0x0000000000800336      0x22b obj/Yek.o
                0x0000000000800336                state_down_temp
                0x0000000000800338                buttonState
                0x0000000000800339                type
                0x00000000008003b9                state_down_curr
                0x00000000008003bb                state_up_temp
                0x00000000008003bd                state_center_temp
                0x00000000008003bf                i
                0x00000000008003c0                iByte
                0x00000000008003c1                u8x8
                0x00000000008003dc                state_center_curr
                0x00000000008003de                acc_name
                0x000000000080045e                acc_pass
                0x00000000008004de                state_up_curr
                0x00000000008004e0                keys
                0x0000000000800560                value
 COMMON         0x0000000000800561        0x3 obj/DeviceStandardReq.o
                0x0000000000800561                USB_Device_ConfigurationNumber
                0x0000000000800562                USB_Device_CurrentlySelfPowered
                0x0000000000800563                USB_Device_RemoteWakeupEnabled
 COMMON         0x0000000000800564        0xa obj/USBTask.o
                0x0000000000800564                USB_IsInitialized
                0x0000000000800565                USB_DeviceState
                0x0000000000800566                USB_ControlRequest
 COMMON         0x000000000080056e        0x4 /usr/local/Cellar/avr-gcc/7.2.0/lib/gcc/avr/7.2.0/../../../../avr/lib/avr5/libc.a(malloc.o)
                0x000000000080056e                __brkval
                0x0000000000800570                __flp
 COMMON         0x0000000000800572        0x2 /usr/local/Cellar/avr-gcc/7.2.0/lib/gcc/avr/7.2.0/../../../../avr/lib/avr5/libc.a(errno.o)
                0x0000000000800572                errno
                0x0000000000800574                PROVIDE (__bss_end, .)
                0x00000000000048de                __data_load_start = LOADADDR (.data)
                0x0000000000004af0                __data_load_end = (__data_load_start + SIZEOF (.data))

.noinit         0x0000000000800574        0x0
                [!provide]                        PROVIDE (__noinit_start, .)
 *(.noinit*)
                [!provide]                        PROVIDE (__noinit_end, .)
                0x0000000000800574                _end = .
                0x0000000000800574                PROVIDE (__heap_start, .)

.eeprom         0x0000000000810000        0x0
 *(.eeprom*)
                0x0000000000810000                __eeprom_end = .

.fuse
 *(.fuse)
 *(.lfuse)
 *(.hfuse)
 *(.efuse)

.lock
 *(.lock*)

.signature
 *(.signature*)

.stab
 *(.stab)

.stabstr
 *(.stabstr)

.stab.excl
 *(.stab.excl)

.stab.exclstr
 *(.stab.exclstr)

.stab.index
 *(.stab.index)

.stab.indexstr
 *(.stab.indexstr)

.comment        0x0000000000000000       0x11
 *(.comment)
 .comment       0x0000000000000000       0x11 obj/Descriptors.o
                                         0x12 (size before relaxing)
 .comment       0x0000000000000011       0x12 obj/u8x8_8x8.o
 .comment       0x0000000000000011       0x12 obj/u8x8_display.o
 .comment       0x0000000000000011       0x12 obj/u8x8_byte.o
 .comment       0x0000000000000011       0x12 obj/u8x8_cad.o
 .comment       0x0000000000000011       0x12 obj/u8x8_fonts.o
 .comment       0x0000000000000011       0x12 obj/u8x8_d_ssd1306_128x32.o
 .comment       0x0000000000000011       0x12 obj/u8x8_gpio.o
 .comment       0x0000000000000011       0x12 obj/u8x8_setup.o
 .comment       0x0000000000000011       0x12 obj/millis.o
 .comment       0x0000000000000011       0x12 obj/fram.o
 .comment       0x0000000000000011       0x12 obj/fps_c.o
 .comment       0x0000000000000011       0x12 obj/Adafruit_FIFO.o
 .comment       0x0000000000000011       0x12 obj/Print.o
 .comment       0x0000000000000011       0x12 obj/Adafruit_ATParser.o
 .comment       0x0000000000000011       0x12 obj/Adafruit_BLE.o
 .comment       0x0000000000000011       0x12 obj/Adafruit_BluefruitLE_SPI.o
 .comment       0x0000000000000011       0x12 obj/ble_c.o
 .comment       0x0000000000000011       0x12 obj/FPS_GT511C3.o
 .comment       0x0000000000000011       0x12 obj/Yek.o
 .comment       0x0000000000000011       0x12 obj/Serial_AVR8.o
 .comment       0x0000000000000011       0x12 obj/TWI_AVR8.o
 .comment       0x0000000000000011       0x12 obj/EndpointStream_AVR8.o
 .comment       0x0000000000000011       0x12 obj/Endpoint_AVR8.o
 .comment       0x0000000000000011       0x12 obj/USBController_AVR8.o
 .comment       0x0000000000000011       0x12 obj/USBInterrupt_AVR8.o
 .comment       0x0000000000000011       0x12 obj/DeviceStandardReq.o
 .comment       0x0000000000000011       0x12 obj/Events.o
 .comment       0x0000000000000011       0x12 obj/USBTask.o
 .comment       0x0000000000000011       0x12 obj/CDCClassDevice.o
 .comment       0x0000000000000011       0x12 /usr/local/Cellar/avr-gcc/7.2.0/lib/gcc/avr/7.2.0/../../../../avr/lib/avr5/libc.a(malloc.o)
 .comment       0x0000000000000011       0x12 /usr/local/Cellar/avr-gcc/7.2.0/lib/gcc/avr/7.2.0/../../../../avr/lib/avr5/libc.a(strtol.o)
 .comment       0x0000000000000011       0x12 /usr/local/Cellar/avr-gcc/7.2.0/lib/gcc/avr/7.2.0/../../../../avr/lib/avr5/libc.a(fread.o)
 .comment       0x0000000000000011       0x12 /usr/local/Cellar/avr-gcc/7.2.0/lib/gcc/avr/7.2.0/../../../../avr/lib/avr5/libc.a(errno.o)
 .comment       0x0000000000000011       0x12 /usr/local/Cellar/avr-gcc/7.2.0/lib/gcc/avr/7.2.0/../../../../avr/lib/avr5/libc.a(fgetc.o)

.note.gnu.avr.deviceinfo
                0x0000000000000000       0x40
 .note.gnu.avr.deviceinfo
                0x0000000000000000       0x40 /usr/local/Cellar/avr-gcc/7.2.0/lib/gcc/avr/7.2.0/../../../../avr/lib/avr5/crtatmega32u4.o

.note.gnu.build-id
 *(.note.gnu.build-id)

.debug
 *(.debug)

.line
 *(.line)

.debug_srcinfo
 *(.debug_srcinfo)

.debug_sfnames
 *(.debug_sfnames)

.debug_aranges  0x0000000000000000      0xe68
 *(.debug_aranges)
 .debug_aranges
                0x0000000000000000       0x20 obj/Descriptors.o
 .debug_aranges
                0x0000000000000020       0x98 obj/u8x8_8x8.o
 .debug_aranges
                0x00000000000000b8       0x80 obj/u8x8_display.o
 .debug_aranges
                0x0000000000000138       0xa8 obj/u8x8_byte.o
 .debug_aranges
                0x00000000000001e0       0xa8 obj/u8x8_cad.o
 .debug_aranges
                0x0000000000000288       0x18 obj/u8x8_fonts.o
 .debug_aranges
                0x00000000000002a0       0x20 obj/u8x8_d_ssd1306_128x32.o
 .debug_aranges
                0x00000000000002c0       0x20 obj/u8x8_gpio.o
 .debug_aranges
                0x00000000000002e0       0x30 obj/u8x8_setup.o
 .debug_aranges
                0x0000000000000310       0x58 obj/millis.o
 .debug_aranges
                0x0000000000000368       0x30 obj/fram.o
 .debug_aranges
                0x0000000000000398       0x78 obj/fps_c.o
 .debug_aranges
                0x0000000000000410       0x58 obj/Adafruit_FIFO.o
 .debug_aranges
                0x0000000000000468      0x100 obj/Print.o
 .debug_aranges
                0x0000000000000568       0x78 obj/Adafruit_ATParser.o
 .debug_aranges
                0x00000000000005e0      0x100 obj/Adafruit_BLE.o
 .debug_aranges
                0x00000000000006e0       0xb8 obj/Adafruit_BluefruitLE_SPI.o
 .debug_aranges
                0x0000000000000798       0x80 obj/ble_c.o
 .debug_aranges
                0x0000000000000818      0x130 obj/FPS_GT511C3.o
 .debug_aranges
                0x0000000000000948       0xb0 obj/Yek.o
 .debug_aranges
                0x00000000000009f8       0x58 obj/Serial_AVR8.o
 .debug_aranges
                0x0000000000000a50       0x40 obj/TWI_AVR8.o
 .debug_aranges
                0x0000000000000a90       0xc8 obj/EndpointStream_AVR8.o
 .debug_aranges
                0x0000000000000b58       0x40 obj/Endpoint_AVR8.o
 .debug_aranges
                0x0000000000000b98       0x30 obj/USBController_AVR8.o
 .debug_aranges
                0x0000000000000bc8       0x38 obj/USBInterrupt_AVR8.o
 .debug_aranges
                0x0000000000000c00       0x20 obj/DeviceStandardReq.o
 .debug_aranges
                0x0000000000000c20       0x20 obj/Events.o
 .debug_aranges
                0x0000000000000c40       0x20 obj/USBTask.o
 .debug_aranges
                0x0000000000000c60       0xa8 obj/CDCClassDevice.o
 .debug_aranges
                0x0000000000000d08       0x20 /usr/local/Cellar/avr-gcc/7.2.0/lib/gcc/avr/7.2.0/avr5/libgcc.a(_udivmodhi4.o)
 .debug_aranges
                0x0000000000000d28       0x20 /usr/local/Cellar/avr-gcc/7.2.0/lib/gcc/avr/7.2.0/avr5/libgcc.a(_divmodhi4.o)
 .debug_aranges
                0x0000000000000d48       0x20 /usr/local/Cellar/avr-gcc/7.2.0/lib/gcc/avr/7.2.0/avr5/libgcc.a(_udivmodsi4.o)
 .debug_aranges
                0x0000000000000d68       0x20 /usr/local/Cellar/avr-gcc/7.2.0/lib/gcc/avr/7.2.0/avr5/libgcc.a(_exit.o)
 .debug_aranges
                0x0000000000000d88       0x20 /usr/local/Cellar/avr-gcc/7.2.0/lib/gcc/avr/7.2.0/avr5/libgcc.a(_copy_data.o)
 .debug_aranges
                0x0000000000000da8       0x20 /usr/local/Cellar/avr-gcc/7.2.0/lib/gcc/avr/7.2.0/avr5/libgcc.a(_clear_bss.o)
 .debug_aranges
                0x0000000000000dc8       0x20 /usr/local/Cellar/avr-gcc/7.2.0/lib/gcc/avr/7.2.0/avr5/libgcc.a(_muluhisi3.o)
 .debug_aranges
                0x0000000000000de8       0x20 /usr/local/Cellar/avr-gcc/7.2.0/lib/gcc/avr/7.2.0/avr5/libgcc.a(_umulhisi3.o)
 .debug_aranges
                0x0000000000000e08       0x20 /usr/local/Cellar/avr-gcc/7.2.0/lib/gcc/avr/7.2.0/avr5/libgcc.a(_mulsi3.o)
 .debug_aranges
                0x0000000000000e28       0x20 /usr/local/Cellar/avr-gcc/7.2.0/lib/gcc/avr/7.2.0/avr5/libgcc.a(_prologue.o)
 .debug_aranges
                0x0000000000000e48       0x20 /usr/local/Cellar/avr-gcc/7.2.0/lib/gcc/avr/7.2.0/avr5/libgcc.a(_epilogue.o)

.debug_pubnames
 *(.debug_pubnames)

.debug_info     0x0000000000000000    0x227b3
 *(.debug_info .gnu.linkonce.wi.*)
 .debug_info    0x0000000000000000      0x9f4 /usr/local/Cellar/avr-gcc/7.2.0/lib/gcc/avr/7.2.0/../../../../avr/lib/avr5/crtatmega32u4.o
 .debug_info    0x00000000000009f4      0x926 obj/Descriptors.o
 .debug_info    0x000000000000131a     0x1003 obj/u8x8_8x8.o
 .debug_info    0x000000000000231d      0xc21 obj/u8x8_display.o
 .debug_info    0x0000000000002f3e     0x1a61 obj/u8x8_byte.o
 .debug_info    0x000000000000499f     0x16de obj/u8x8_cad.o
 .debug_info    0x000000000000607d      0x5e6 obj/u8x8_fonts.o
 .debug_info    0x0000000000006663      0xa07 obj/u8x8_d_ssd1306_128x32.o
 .debug_info    0x000000000000706a      0x687 obj/u8x8_gpio.o
 .debug_info    0x00000000000076f1      0x74a obj/u8x8_setup.o
 .debug_info    0x0000000000007e3b      0x318 obj/millis.o
 .debug_info    0x0000000000008153      0x38d obj/fram.o
 .debug_info    0x00000000000084e0      0x9ae obj/fps_c.o
 .debug_info    0x0000000000008e8e      0x6e5 obj/Adafruit_FIFO.o
 .debug_info    0x0000000000009573     0x277e obj/Print.o
 .debug_info    0x000000000000bcf1     0x2b76 obj/Adafruit_ATParser.o
 .debug_info    0x000000000000e867     0x47bf obj/Adafruit_BLE.o
 .debug_info    0x0000000000013026     0x3f94 obj/Adafruit_BluefruitLE_SPI.o
 .debug_info    0x0000000000016fba      0x78e obj/ble_c.o
 .debug_info    0x0000000000017748     0x315f obj/FPS_GT511C3.o
 .debug_info    0x000000000001a8a7     0x2520 obj/Yek.o
 .debug_info    0x000000000001cdc7      0x4b0 obj/Serial_AVR8.o
 .debug_info    0x000000000001d277      0x518 obj/TWI_AVR8.o
 .debug_info    0x000000000001d78f     0x17d8 obj/EndpointStream_AVR8.o
 .debug_info    0x000000000001ef67      0x64a obj/Endpoint_AVR8.o
 .debug_info    0x000000000001f5b1      0x54a obj/USBController_AVR8.o
 .debug_info    0x000000000001fafb      0x866 obj/USBInterrupt_AVR8.o
 .debug_info    0x0000000000020361      0xa6b obj/DeviceStandardReq.o
 .debug_info    0x0000000000020dcc       0x78 obj/Events.o
 .debug_info    0x0000000000020e44      0x2a7 obj/USBTask.o
 .debug_info    0x00000000000210eb     0x1014 obj/CDCClassDevice.o
 .debug_info    0x00000000000220ff       0x9c /usr/local/Cellar/avr-gcc/7.2.0/lib/gcc/avr/7.2.0/avr5/libgcc.a(_udivmodhi4.o)
 .debug_info    0x000000000002219b       0x9c /usr/local/Cellar/avr-gcc/7.2.0/lib/gcc/avr/7.2.0/avr5/libgcc.a(_divmodhi4.o)
 .debug_info    0x0000000000022237       0x9c /usr/local/Cellar/avr-gcc/7.2.0/lib/gcc/avr/7.2.0/avr5/libgcc.a(_udivmodsi4.o)
 .debug_info    0x00000000000222d3       0x9c /usr/local/Cellar/avr-gcc/7.2.0/lib/gcc/avr/7.2.0/avr5/libgcc.a(_exit.o)
 .debug_info    0x000000000002236f       0x9c /usr/local/Cellar/avr-gcc/7.2.0/lib/gcc/avr/7.2.0/avr5/libgcc.a(_copy_data.o)
 .debug_info    0x000000000002240b       0x9c /usr/local/Cellar/avr-gcc/7.2.0/lib/gcc/avr/7.2.0/avr5/libgcc.a(_clear_bss.o)
 .debug_info    0x00000000000224a7       0x9c /usr/local/Cellar/avr-gcc/7.2.0/lib/gcc/avr/7.2.0/avr5/libgcc.a(_muluhisi3.o)
 .debug_info    0x0000000000022543       0x9c /usr/local/Cellar/avr-gcc/7.2.0/lib/gcc/avr/7.2.0/avr5/libgcc.a(_umulhisi3.o)
 .debug_info    0x00000000000225df       0x9c /usr/local/Cellar/avr-gcc/7.2.0/lib/gcc/avr/7.2.0/avr5/libgcc.a(_mulsi3.o)
 .debug_info    0x000000000002267b       0x9c /usr/local/Cellar/avr-gcc/7.2.0/lib/gcc/avr/7.2.0/avr5/libgcc.a(_prologue.o)
 .debug_info    0x0000000000022717       0x9c /usr/local/Cellar/avr-gcc/7.2.0/lib/gcc/avr/7.2.0/avr5/libgcc.a(_epilogue.o)

.debug_abbrev   0x0000000000000000     0x5dc5
 *(.debug_abbrev)
 .debug_abbrev  0x0000000000000000      0x96a /usr/local/Cellar/avr-gcc/7.2.0/lib/gcc/avr/7.2.0/../../../../avr/lib/avr5/crtatmega32u4.o
 .debug_abbrev  0x000000000000096a      0x1bb obj/Descriptors.o
 .debug_abbrev  0x0000000000000b25      0x300 obj/u8x8_8x8.o
 .debug_abbrev  0x0000000000000e25      0x1ef obj/u8x8_display.o
 .debug_abbrev  0x0000000000001014      0x28f obj/u8x8_byte.o
 .debug_abbrev  0x00000000000012a3      0x26e obj/u8x8_cad.o
 .debug_abbrev  0x0000000000001511       0x73 obj/u8x8_fonts.o
 .debug_abbrev  0x0000000000001584      0x1cc obj/u8x8_d_ssd1306_128x32.o
 .debug_abbrev  0x0000000000001750      0x10b obj/u8x8_gpio.o
 .debug_abbrev  0x000000000000185b      0x173 obj/u8x8_setup.o
 .debug_abbrev  0x00000000000019ce      0x16b obj/millis.o
 .debug_abbrev  0x0000000000001b39      0x1f2 obj/fram.o
 .debug_abbrev  0x0000000000001d2b      0x2e0 obj/fps_c.o
 .debug_abbrev  0x000000000000200b      0x201 obj/Adafruit_FIFO.o
 .debug_abbrev  0x000000000000220c      0x447 obj/Print.o
 .debug_abbrev  0x0000000000002653      0x599 obj/Adafruit_ATParser.o
 .debug_abbrev  0x0000000000002bec      0x659 obj/Adafruit_BLE.o
 .debug_abbrev  0x0000000000003245      0x74f obj/Adafruit_BluefruitLE_SPI.o
 .debug_abbrev  0x0000000000003994      0x297 obj/ble_c.o
 .debug_abbrev  0x0000000000003c2b      0x678 obj/FPS_GT511C3.o
 .debug_abbrev  0x00000000000042a3      0x4ca obj/Yek.o
 .debug_abbrev  0x000000000000476d      0x1f4 obj/Serial_AVR8.o
 .debug_abbrev  0x0000000000004961      0x227 obj/TWI_AVR8.o
 .debug_abbrev  0x0000000000004b88      0x20a obj/EndpointStream_AVR8.o
 .debug_abbrev  0x0000000000004d92      0x251 obj/Endpoint_AVR8.o
 .debug_abbrev  0x0000000000004fe3      0x1af obj/USBController_AVR8.o
 .debug_abbrev  0x0000000000005192      0x240 obj/USBInterrupt_AVR8.o
 .debug_abbrev  0x00000000000053d2      0x2fc obj/DeviceStandardReq.o
 .debug_abbrev  0x00000000000056ce       0x44 obj/Events.o
 .debug_abbrev  0x0000000000005712      0x198 obj/USBTask.o
 .debug_abbrev  0x00000000000058aa      0x43f obj/CDCClassDevice.o
 .debug_abbrev  0x0000000000005ce9       0x14 /usr/local/Cellar/avr-gcc/7.2.0/lib/gcc/avr/7.2.0/avr5/libgcc.a(_udivmodhi4.o)
 .debug_abbrev  0x0000000000005cfd       0x14 /usr/local/Cellar/avr-gcc/7.2.0/lib/gcc/avr/7.2.0/avr5/libgcc.a(_divmodhi4.o)
 .debug_abbrev  0x0000000000005d11       0x14 /usr/local/Cellar/avr-gcc/7.2.0/lib/gcc/avr/7.2.0/avr5/libgcc.a(_udivmodsi4.o)
 .debug_abbrev  0x0000000000005d25       0x14 /usr/local/Cellar/avr-gcc/7.2.0/lib/gcc/avr/7.2.0/avr5/libgcc.a(_exit.o)
 .debug_abbrev  0x0000000000005d39       0x14 /usr/local/Cellar/avr-gcc/7.2.0/lib/gcc/avr/7.2.0/avr5/libgcc.a(_copy_data.o)
 .debug_abbrev  0x0000000000005d4d       0x14 /usr/local/Cellar/avr-gcc/7.2.0/lib/gcc/avr/7.2.0/avr5/libgcc.a(_clear_bss.o)
 .debug_abbrev  0x0000000000005d61       0x14 /usr/local/Cellar/avr-gcc/7.2.0/lib/gcc/avr/7.2.0/avr5/libgcc.a(_muluhisi3.o)
 .debug_abbrev  0x0000000000005d75       0x14 /usr/local/Cellar/avr-gcc/7.2.0/lib/gcc/avr/7.2.0/avr5/libgcc.a(_umulhisi3.o)
 .debug_abbrev  0x0000000000005d89       0x14 /usr/local/Cellar/avr-gcc/7.2.0/lib/gcc/avr/7.2.0/avr5/libgcc.a(_mulsi3.o)
 .debug_abbrev  0x0000000000005d9d       0x14 /usr/local/Cellar/avr-gcc/7.2.0/lib/gcc/avr/7.2.0/avr5/libgcc.a(_prologue.o)
 .debug_abbrev  0x0000000000005db1       0x14 /usr/local/Cellar/avr-gcc/7.2.0/lib/gcc/avr/7.2.0/avr5/libgcc.a(_epilogue.o)

.debug_line     0x0000000000000000     0x9ee9
 *(.debug_line .debug_line.* .debug_line_end)
 .debug_line    0x0000000000000000       0x1d /usr/local/Cellar/avr-gcc/7.2.0/lib/gcc/avr/7.2.0/../../../../avr/lib/avr5/crtatmega32u4.o
 .debug_line    0x000000000000001d      0x252 obj/Descriptors.o
 .debug_line    0x000000000000026f      0x48c obj/u8x8_8x8.o
 .debug_line    0x00000000000006fb      0x282 obj/u8x8_display.o
 .debug_line    0x000000000000097d      0x71a obj/u8x8_byte.o
 .debug_line    0x0000000000001097      0x6f3 obj/u8x8_cad.o
 .debug_line    0x000000000000178a       0x78 obj/u8x8_fonts.o
 .debug_line    0x0000000000001802      0x15d obj/u8x8_d_ssd1306_128x32.o
 .debug_line    0x000000000000195f       0x8d obj/u8x8_gpio.o
 .debug_line    0x00000000000019ec      0x121 obj/u8x8_setup.o
 .debug_line    0x0000000000001b0d      0x23f obj/millis.o
 .debug_line    0x0000000000001d4c      0x164 obj/fram.o
 .debug_line    0x0000000000001eb0      0x1e2 obj/fps_c.o
 .debug_line    0x0000000000002092      0x2a6 obj/Adafruit_FIFO.o
 .debug_line    0x0000000000002338      0x5f2 obj/Print.o
 .debug_line    0x000000000000292a      0x577 obj/Adafruit_ATParser.o
 .debug_line    0x0000000000002ea1      0xa1a obj/Adafruit_BLE.o
 .debug_line    0x00000000000038bb      0x9ef obj/Adafruit_BluefruitLE_SPI.o
 .debug_line    0x00000000000042aa      0x278 obj/ble_c.o
 .debug_line    0x0000000000004522      0xddd obj/FPS_GT511C3.o
 .debug_line    0x00000000000052ff      0xcdb obj/Yek.o
 .debug_line    0x0000000000005fda      0x2b9 obj/Serial_AVR8.o
 .debug_line    0x0000000000006293      0x319 obj/TWI_AVR8.o
 .debug_line    0x00000000000065ac     0x13ce obj/EndpointStream_AVR8.o
 .debug_line    0x000000000000797a      0x4d8 obj/Endpoint_AVR8.o
 .debug_line    0x0000000000007e52      0x31d obj/USBController_AVR8.o
 .debug_line    0x000000000000816f      0x54d obj/USBInterrupt_AVR8.o
 .debug_line    0x00000000000086bc      0x4cf obj/DeviceStandardReq.o
 .debug_line    0x0000000000008b8b       0x61 obj/Events.o
 .debug_line    0x0000000000008bec      0x196 obj/USBTask.o
 .debug_line    0x0000000000008d82      0x952 obj/CDCClassDevice.o
 .debug_line    0x00000000000096d4       0xcd /usr/local/Cellar/avr-gcc/7.2.0/lib/gcc/avr/7.2.0/avr5/libgcc.a(_udivmodhi4.o)
 .debug_line    0x00000000000097a1       0xc7 /usr/local/Cellar/avr-gcc/7.2.0/lib/gcc/avr/7.2.0/avr5/libgcc.a(_divmodhi4.o)
 .debug_line    0x0000000000009868      0x121 /usr/local/Cellar/avr-gcc/7.2.0/lib/gcc/avr/7.2.0/avr5/libgcc.a(_udivmodsi4.o)
 .debug_line    0x0000000000009989       0x61 /usr/local/Cellar/avr-gcc/7.2.0/lib/gcc/avr/7.2.0/avr5/libgcc.a(_exit.o)
 .debug_line    0x00000000000099ea       0x97 /usr/local/Cellar/avr-gcc/7.2.0/lib/gcc/avr/7.2.0/avr5/libgcc.a(_copy_data.o)
 .debug_line    0x0000000000009a81       0x85 /usr/local/Cellar/avr-gcc/7.2.0/lib/gcc/avr/7.2.0/avr5/libgcc.a(_clear_bss.o)
 .debug_line    0x0000000000009b06       0x91 /usr/local/Cellar/avr-gcc/7.2.0/lib/gcc/avr/7.2.0/avr5/libgcc.a(_muluhisi3.o)
 .debug_line    0x0000000000009b97       0xaf /usr/local/Cellar/avr-gcc/7.2.0/lib/gcc/avr/7.2.0/avr5/libgcc.a(_umulhisi3.o)
 .debug_line    0x0000000000009c46       0xaf /usr/local/Cellar/avr-gcc/7.2.0/lib/gcc/avr/7.2.0/avr5/libgcc.a(_mulsi3.o)
 .debug_line    0x0000000000009cf5       0xfd /usr/local/Cellar/avr-gcc/7.2.0/lib/gcc/avr/7.2.0/avr5/libgcc.a(_prologue.o)
 .debug_line    0x0000000000009df2       0xf7 /usr/local/Cellar/avr-gcc/7.2.0/lib/gcc/avr/7.2.0/avr5/libgcc.a(_epilogue.o)

.debug_frame    0x0000000000000000     0x2cd4
 *(.debug_frame)
 .debug_frame   0x0000000000000000       0x24 obj/Descriptors.o
 .debug_frame   0x0000000000000024      0x214 obj/u8x8_8x8.o
 .debug_frame   0x0000000000000238      0x174 obj/u8x8_display.o
 .debug_frame   0x00000000000003ac      0x28c obj/u8x8_byte.o
 .debug_frame   0x0000000000000638      0x2a0 obj/u8x8_cad.o
 .debug_frame   0x00000000000008d8       0x44 obj/u8x8_d_ssd1306_128x32.o
 .debug_frame   0x000000000000091c       0x24 obj/u8x8_gpio.o
 .debug_frame   0x0000000000000940       0x6c obj/u8x8_setup.o
 .debug_frame   0x00000000000009ac       0xf0 obj/millis.o
 .debug_frame   0x0000000000000a9c       0x70 obj/fram.o
 .debug_frame   0x0000000000000b0c       0xe0 obj/fps_c.o
 .debug_frame   0x0000000000000bec      0x110 obj/Adafruit_FIFO.o
 .debug_frame   0x0000000000000cfc      0x3cc obj/Print.o
 .debug_frame   0x00000000000010c8      0x274 obj/Adafruit_ATParser.o
 .debug_frame   0x000000000000133c      0x4bc obj/Adafruit_BLE.o
 .debug_frame   0x00000000000017f8      0x38c obj/Adafruit_BluefruitLE_SPI.o
 .debug_frame   0x0000000000001b84      0x114 obj/ble_c.o
 .debug_frame   0x0000000000001c98      0x52c obj/FPS_GT511C3.o
 .debug_frame   0x00000000000021c4      0x1dc obj/Yek.o
 .debug_frame   0x00000000000023a0       0x94 obj/Serial_AVR8.o
 .debug_frame   0x0000000000002434       0xd0 obj/TWI_AVR8.o
 .debug_frame   0x0000000000002504      0x404 obj/EndpointStream_AVR8.o
 .debug_frame   0x0000000000002908       0x78 obj/Endpoint_AVR8.o
 .debug_frame   0x0000000000002980       0x58 obj/USBController_AVR8.o
 .debug_frame   0x00000000000029d8       0xe8 obj/USBInterrupt_AVR8.o
 .debug_frame   0x0000000000002ac0       0x3c obj/DeviceStandardReq.o
 .debug_frame   0x0000000000002afc       0x24 obj/Events.o
 .debug_frame   0x0000000000002b20       0x2c obj/USBTask.o
 .debug_frame   0x0000000000002b4c      0x188 obj/CDCClassDevice.o

.debug_str      0x0000000000000000     0x7b82
 *(.debug_str)
 .debug_str     0x0000000000000000      0x371 /usr/local/Cellar/avr-gcc/7.2.0/lib/gcc/avr/7.2.0/../../../../avr/lib/avr5/crtatmega32u4.o
 .debug_str     0x0000000000000371      0xbd7 obj/Descriptors.o
                                        0xc6c (size before relaxing)
 .debug_str     0x0000000000000f48      0x8e0 obj/u8x8_8x8.o
                                        0xab6 (size before relaxing)
 .debug_str     0x0000000000001828      0x15c obj/u8x8_display.o
                                        0xac2 (size before relaxing)
 .debug_str     0x0000000000001984      0x1e9 obj/u8x8_byte.o
                                        0xb58 (size before relaxing)
 .debug_str     0x0000000000001b6d      0x177 obj/u8x8_cad.o
                                        0xb48 (size before relaxing)
 .debug_str     0x0000000000001ce4       0x16 obj/u8x8_fonts.o
                                        0x6a3 (size before relaxing)
 .debug_str     0x0000000000001cfa      0x165 obj/u8x8_d_ssd1306_128x32.o
                                        0xba3 (size before relaxing)
 .debug_str     0x0000000000001e5f       0x15 obj/u8x8_gpio.o
                                        0x96c (size before relaxing)
 .debug_str     0x0000000000001e74       0x42 obj/u8x8_setup.o
                                        0x9ab (size before relaxing)
 .debug_str     0x0000000000001eb6       0xb9 obj/millis.o
                                        0x252 (size before relaxing)
 .debug_str     0x0000000000001f6f      0x13c obj/fram.o
                                        0x30d (size before relaxing)
 .debug_str     0x00000000000020ab      0x8c5 obj/fps_c.o
                                        0xa3d (size before relaxing)
 .debug_str     0x0000000000002970      0x249 obj/Adafruit_FIFO.o
                                        0x48f (size before relaxing)
 .debug_str     0x0000000000002bb9      0xf49 obj/Print.o
                                       0x1203 (size before relaxing)
 .debug_str     0x0000000000003b02      0xd9f obj/Adafruit_ATParser.o
                                       0x1d45 (size before relaxing)
 .debug_str     0x00000000000048a1      0xc80 obj/Adafruit_BLE.o
                                       0x29b1 (size before relaxing)
 .debug_str     0x0000000000005521      0x697 obj/Adafruit_BluefruitLE_SPI.o
                                       0x2df2 (size before relaxing)
 .debug_str     0x0000000000005bb8       0xbe obj/ble_c.o
                                        0x624 (size before relaxing)
 .debug_str     0x0000000000005c76      0x3cb obj/FPS_GT511C3.o
                                        0xe3e (size before relaxing)
 .debug_str     0x0000000000006041      0x57c obj/Yek.o
                                       0x12eb (size before relaxing)
 .debug_str     0x00000000000065bd       0xf5 obj/Serial_AVR8.o
                                        0x361 (size before relaxing)
 .debug_str     0x00000000000066b2       0xd5 obj/TWI_AVR8.o
                                        0x3e0 (size before relaxing)
 .debug_str     0x0000000000006787      0x632 obj/EndpointStream_AVR8.o
                                        0x8ee (size before relaxing)
 .debug_str     0x0000000000006db9      0x2dc obj/Endpoint_AVR8.o
                                        0x6ae (size before relaxing)
 .debug_str     0x0000000000007095      0x223 obj/USBController_AVR8.o
                                        0x5d2 (size before relaxing)
 .debug_str     0x00000000000072b8      0x196 obj/USBInterrupt_AVR8.o
                                        0x6a2 (size before relaxing)
 .debug_str     0x000000000000744e      0x424 obj/DeviceStandardReq.o
                                        0xa02 (size before relaxing)
 .debug_str     0x0000000000007872       0x3a obj/Events.o
                                        0x1cb (size before relaxing)
 .debug_str     0x00000000000078ac       0x48 obj/USBTask.o
                                        0x401 (size before relaxing)
 .debug_str     0x00000000000078f4      0x28e obj/CDCClassDevice.o
                                        0xb28 (size before relaxing)

.debug_loc      0x0000000000000000    0x127b6
 *(.debug_loc)
 .debug_loc     0x0000000000000000      0x17a obj/Descriptors.o
 .debug_loc     0x000000000000017a      0xed0 obj/u8x8_8x8.o
 .debug_loc     0x000000000000104a      0x598 obj/u8x8_display.o
 .debug_loc     0x00000000000015e2     0x1834 obj/u8x8_byte.o
 .debug_loc     0x0000000000002e16     0x1c36 obj/u8x8_cad.o
 .debug_loc     0x0000000000004a4c      0x455 obj/u8x8_d_ssd1306_128x32.o
 .debug_loc     0x0000000000004ea1       0x68 obj/u8x8_gpio.o
 .debug_loc     0x0000000000004f09      0x1fd obj/u8x8_setup.o
 .debug_loc     0x0000000000005106      0x1f5 obj/millis.o
 .debug_loc     0x00000000000052fb      0x13f obj/fram.o
 .debug_loc     0x000000000000543a       0xf3 obj/fps_c.o
 .debug_loc     0x000000000000552d      0x637 obj/Adafruit_FIFO.o
 .debug_loc     0x0000000000005b64     0x1b8b obj/Print.o
 .debug_loc     0x00000000000076ef      0xdb9 obj/Adafruit_ATParser.o
 .debug_loc     0x00000000000084a8     0x1d17 obj/Adafruit_BLE.o
 .debug_loc     0x000000000000a1bf     0x13eb obj/Adafruit_BluefruitLE_SPI.o
 .debug_loc     0x000000000000b5aa      0x1cd obj/ble_c.o
 .debug_loc     0x000000000000b777     0x23ee obj/FPS_GT511C3.o
 .debug_loc     0x000000000000db65      0x925 obj/Yek.o
 .debug_loc     0x000000000000e48a      0x1c8 obj/Serial_AVR8.o
 .debug_loc     0x000000000000e652      0x728 obj/TWI_AVR8.o
 .debug_loc     0x000000000000ed7a     0x240c obj/EndpointStream_AVR8.o
 .debug_loc     0x0000000000011186      0x422 obj/Endpoint_AVR8.o
 .debug_loc     0x00000000000115a8       0xd5 obj/USBController_AVR8.o
 .debug_loc     0x000000000001167d      0x3e7 obj/USBInterrupt_AVR8.o
 .debug_loc     0x0000000000011a64      0x324 obj/DeviceStandardReq.o
 .debug_loc     0x0000000000011d88       0x49 obj/USBTask.o
 .debug_loc     0x0000000000011dd1      0x9e5 obj/CDCClassDevice.o

.debug_macinfo
 *(.debug_macinfo)

.debug_weaknames
 *(.debug_weaknames)

.debug_funcnames
 *(.debug_funcnames)

.debug_typenames
 *(.debug_typenames)

.debug_varnames
 *(.debug_varnames)

.debug_pubtypes
 *(.debug_pubtypes)

.debug_ranges   0x0000000000000000     0x1118
 *(.debug_ranges)
 .debug_ranges  0x0000000000000000       0x28 obj/Descriptors.o
 .debug_ranges  0x0000000000000028       0x88 obj/u8x8_8x8.o
 .debug_ranges  0x00000000000000b0       0x70 obj/u8x8_display.o
 .debug_ranges  0x0000000000000120       0xe0 obj/u8x8_byte.o
 .debug_ranges  0x0000000000000200       0x98 obj/u8x8_cad.o
 .debug_ranges  0x0000000000000298       0x28 obj/u8x8_d_ssd1306_128x32.o
 .debug_ranges  0x00000000000002c0       0x10 obj/u8x8_gpio.o
 .debug_ranges  0x00000000000002d0       0x20 obj/u8x8_setup.o
 .debug_ranges  0x00000000000002f0       0x48 obj/millis.o
 .debug_ranges  0x0000000000000338       0x20 obj/fram.o
 .debug_ranges  0x0000000000000358       0x68 obj/fps_c.o
 .debug_ranges  0x00000000000003c0       0x48 obj/Adafruit_FIFO.o
 .debug_ranges  0x0000000000000408      0x120 obj/Print.o
 .debug_ranges  0x0000000000000528       0x68 obj/Adafruit_ATParser.o
 .debug_ranges  0x0000000000000590       0xf0 obj/Adafruit_BLE.o
 .debug_ranges  0x0000000000000680      0x128 obj/Adafruit_BluefruitLE_SPI.o
 .debug_ranges  0x00000000000007a8       0x70 obj/ble_c.o
 .debug_ranges  0x0000000000000818      0x198 obj/FPS_GT511C3.o
 .debug_ranges  0x00000000000009b0      0x118 obj/Yek.o
 .debug_ranges  0x0000000000000ac8       0x60 obj/Serial_AVR8.o
 .debug_ranges  0x0000000000000b28       0x48 obj/TWI_AVR8.o
 .debug_ranges  0x0000000000000b70      0x238 obj/EndpointStream_AVR8.o
 .debug_ranges  0x0000000000000da8       0xe8 obj/Endpoint_AVR8.o
 .debug_ranges  0x0000000000000e90       0x20 obj/USBController_AVR8.o
 .debug_ranges  0x0000000000000eb0       0x40 obj/USBInterrupt_AVR8.o
 .debug_ranges  0x0000000000000ef0      0x128 obj/DeviceStandardReq.o
 .debug_ranges  0x0000000000001018       0x10 obj/Events.o
 .debug_ranges  0x0000000000001028       0x58 obj/USBTask.o
 .debug_ranges  0x0000000000001080       0x98 obj/CDCClassDevice.o

.debug_macro
 *(.debug_macro)

.debug_addr
 *(.debug_addr)
OUTPUT(Yek.elf elf32-avr)
LOAD linker stubs

Cross Reference Table

Symbol                                            File
Adafruit_ATParser::Adafruit_ATParser()            obj/Adafruit_ATParser.o
                                                  obj/Adafruit_BLE.o
Adafruit_ATParser::Adafruit_ATParser()            obj/Adafruit_ATParser.o
Adafruit_ATParser::atcommand(__FlashStringHelper const*) obj/Adafruit_BLE.o
                                                  obj/ble_c.o
Adafruit_ATParser::atcommand_full(__FlashStringHelper const*, long*, unsigned char, unsigned int*, unsigned long*) obj/Adafruit_ATParser.o
                                                  obj/ble_c.o
                                                  obj/Adafruit_BLEMIDI.o
                                                  obj/Adafruit_BLE.o
Adafruit_ATParser::atcommand_full(char const*, long*, unsigned char, unsigned int*, unsigned long*) obj/Adafruit_ATParser.o
Adafruit_ATParser::printByteArray(unsigned char const*, int) obj/Adafruit_ATParser.o
Adafruit_ATParser::readline()                     obj/Adafruit_BLE.o
Adafruit_ATParser::readline(char*, unsigned int, unsigned int, bool) obj/Adafruit_ATParser.o
                                                  obj/Adafruit_BLE.o
Adafruit_ATParser::readline_parseInt()            obj/Adafruit_ATParser.o
Adafruit_ATParser::readraw(unsigned int)          obj/Adafruit_ATParser.o
                                                  obj/Adafruit_BLE.o
Adafruit_ATParser::send_arg_get_resp(long*, unsigned char, unsigned int*, unsigned long*) obj/Adafruit_ATParser.o
Adafruit_ATParser::waitForOK()                    obj/Adafruit_ATParser.o
                                                  obj/ble_c.o
                                                  obj/Adafruit_BLE.o
Adafruit_BLE::Adafruit_BLE()                      obj/Adafruit_BLE.o
                                                  obj/Adafruit_BluefruitLE_SPI.o
Adafruit_BLE::Adafruit_BLE()                      obj/Adafruit_BLE.o
Adafruit_BLE::disconnect()                        obj/Adafruit_BLE.o
Adafruit_BLE::echo(bool)                          obj/Adafruit_BLE.o
                                                  obj/ble_c.o
Adafruit_BLE::factoryReset(bool)                  obj/Adafruit_BLE.o
                                                  obj/ble_c.o
Adafruit_BLE::info()                              obj/Adafruit_BLE.o
Adafruit_BLE::install_callback(bool, signed char, signed char) obj/Adafruit_BLE.o
Adafruit_BLE::isConnected()                       obj/Adafruit_BLE.o
Adafruit_BLE::isVersionAtLeast(char const*)       obj/Adafruit_BLE.o
                                                  obj/ble_c.o
                                                  obj/Adafruit_BLEMIDI.o
Adafruit_BLE::readBLEUart(unsigned char*, int)    obj/Adafruit_BLE.o
Adafruit_BLE::readNVM(unsigned int, char*, unsigned int) obj/Adafruit_BLE.o
Adafruit_BLE::readNVM(unsigned int, long*)        obj/Adafruit_BLE.o
Adafruit_BLE::readNVM(unsigned int, unsigned char*, unsigned int) obj/Adafruit_BLE.o
Adafruit_BLE::reset(bool)                         obj/Adafruit_BLE.o
                                                  obj/ble_c.o
                                                  obj/Adafruit_BLEMIDI.o
Adafruit_BLE::resetCompleted()                    obj/Adafruit_BLE.o
Adafruit_BLE::setAdvData(unsigned char*, unsigned char) obj/Adafruit_BLE.o
Adafruit_BLE::setBleGattRxCallback(long, void (*)(long, unsigned char*, unsigned int)) obj/Adafruit_BLE.o
Adafruit_BLE::setBleMidiRxCallback(void (*)(unsigned int, unsigned char, unsigned char, unsigned char)) obj/Adafruit_BLE.o
                                                  obj/Adafruit_BLEMIDI.o
Adafruit_BLE::setBleUartRxCallback(void (*)(char*, unsigned int)) obj/Adafruit_BLE.o
Adafruit_BLE::setConnectCallback(void (*)())      obj/Adafruit_BLE.o
Adafruit_BLE::setDisconnectCallback(void (*)())   obj/Adafruit_BLE.o
Adafruit_BLE::update(unsigned long)               obj/Adafruit_BLE.o
Adafruit_BLE::writeBLEUart(unsigned char const*, int) obj/Adafruit_BLE.o
Adafruit_BLE::writeNVM(unsigned int, char const*) obj/Adafruit_BLE.o
Adafruit_BLE::writeNVM(unsigned int, long)        obj/Adafruit_BLE.o
Adafruit_BLE::writeNVM(unsigned int, unsigned char const*, unsigned int) obj/Adafruit_BLE.o
Adafruit_BLEMIDI::Adafruit_BLEMIDI(Adafruit_BLE&) obj/Adafruit_BLEMIDI.o
Adafruit_BLEMIDI::Adafruit_BLEMIDI(Adafruit_BLE&) obj/Adafruit_BLEMIDI.o
Adafruit_BLEMIDI::begin(bool)                     obj/Adafruit_BLEMIDI.o
Adafruit_BLEMIDI::processRxCallback(unsigned char*, unsigned int, void (*)(unsigned int, unsigned char, unsigned char, unsigned char)) obj/Adafruit_BLEMIDI.o
                                                  obj/Adafruit_BLE.o
Adafruit_BLEMIDI::send(unsigned char const*)      obj/Adafruit_BLEMIDI.o
Adafruit_BLEMIDI::send_n(unsigned char, unsigned char const*, unsigned char) obj/Adafruit_BLEMIDI.o
Adafruit_BLEMIDI::setRxCallback(void (*)(unsigned int, unsigned char, unsigned char, unsigned char)) obj/Adafruit_BLEMIDI.o
Adafruit_BLEMIDI::stop(bool)                      obj/Adafruit_BLEMIDI.o
Adafruit_BluefruitLE_SPI::Adafruit_BluefruitLE_SPI(signed char, signed char, signed char) obj/Adafruit_BluefruitLE_SPI.o
                                                  obj/ble_c.o
Adafruit_BluefruitLE_SPI::Adafruit_BluefruitLE_SPI(signed char, signed char, signed char) obj/Adafruit_BluefruitLE_SPI.o
Adafruit_BluefruitLE_SPI::Adafruit_BluefruitLE_SPI(signed char, signed char, signed char, signed char, signed char, signed char) obj/Adafruit_BluefruitLE_SPI.o
Adafruit_BluefruitLE_SPI::Adafruit_BluefruitLE_SPI(signed char, signed char, signed char, signed char, signed char, signed char) obj/Adafruit_BluefruitLE_SPI.o
Adafruit_BluefruitLE_SPI::available()             obj/Adafruit_BluefruitLE_SPI.o
Adafruit_BluefruitLE_SPI::begin(bool, bool)       obj/Adafruit_BluefruitLE_SPI.o
                                                  obj/ble_c.o
Adafruit_BluefruitLE_SPI::end()                   obj/Adafruit_BluefruitLE_SPI.o
Adafruit_BluefruitLE_SPI::flush()                 obj/Adafruit_BluefruitLE_SPI.o
Adafruit_BluefruitLE_SPI::getPacket(sdepMsgCommand_t*) obj/Adafruit_BluefruitLE_SPI.o
Adafruit_BluefruitLE_SPI::getResponse()           obj/Adafruit_BluefruitLE_SPI.o
Adafruit_BluefruitLE_SPI::peek()                  obj/Adafruit_BluefruitLE_SPI.o
Adafruit_BluefruitLE_SPI::read()                  obj/Adafruit_BluefruitLE_SPI.o
Adafruit_BluefruitLE_SPI::sendInitializePattern() obj/Adafruit_BluefruitLE_SPI.o
Adafruit_BluefruitLE_SPI::sendPacket(unsigned int, unsigned char const*, unsigned char, unsigned char) obj/Adafruit_BluefruitLE_SPI.o
Adafruit_BluefruitLE_SPI::setMode(unsigned char)  obj/Adafruit_BluefruitLE_SPI.o
Adafruit_BluefruitLE_SPI::simulateSwitchMode()    obj/Adafruit_BluefruitLE_SPI.o
Adafruit_BluefruitLE_SPI::spixfer(unsigned char)  obj/Adafruit_BluefruitLE_SPI.o
Adafruit_BluefruitLE_SPI::spixfer(void*, unsigned int) obj/Adafruit_BluefruitLE_SPI.o
Adafruit_BluefruitLE_SPI::write(unsigned char const*, unsigned int) obj/Adafruit_BluefruitLE_SPI.o
Adafruit_BluefruitLE_SPI::write(unsigned char)    obj/Adafruit_BluefruitLE_SPI.o
Adafruit_FIFO::Adafruit_FIFO(void*, unsigned int, unsigned char, bool) obj/Adafruit_FIFO.o
Adafruit_FIFO::Adafruit_FIFO(void*, unsigned int, unsigned char, bool) obj/Adafruit_FIFO.o
                                                  obj/Adafruit_BluefruitLE_SPI.o
Adafruit_FIFO::clear()                            obj/Adafruit_FIFO.o
                                                  obj/Adafruit_BluefruitLE_SPI.o
Adafruit_FIFO::peek(void*)                        obj/Adafruit_FIFO.o
                                                  obj/Adafruit_BluefruitLE_SPI.o
Adafruit_FIFO::peekAt(unsigned int, void*)        obj/Adafruit_FIFO.o
Adafruit_FIFO::read(void*)                        obj/Adafruit_FIFO.o
                                                  obj/Adafruit_BluefruitLE_SPI.o
Adafruit_FIFO::read_n(void*, unsigned int)        obj/Adafruit_FIFO.o
Adafruit_FIFO::write(void const*)                 obj/Adafruit_FIFO.o
                                                  obj/Adafruit_BluefruitLE_SPI.o
Adafruit_FIFO::write_n(void const*, unsigned int) obj/Adafruit_FIFO.o
                                                  obj/Adafruit_BluefruitLE_SPI.o
Audio_Device_ConfigureEndpoints                   obj/AudioClassDevice.o
Audio_Device_Event_Stub                           obj/AudioClassDevice.o
Audio_Device_ProcessControlRequest                obj/AudioClassDevice.o
Buttons_GetStatus                                 obj/Yek.o
CALLBACK_Audio_Device_GetSetEndpointProperty      obj/AudioClassDevice.o
CALLBACK_Audio_Device_GetSetInterfaceProperty     obj/AudioClassDevice.o
CALLBACK_HIDParser_FilterHIDReportItem            obj/HIDParser.o
CALLBACK_HID_Device_CreateHIDReport               obj/HIDClassDevice.o
CALLBACK_HID_Device_ProcessHIDReport              obj/HIDClassDevice.o
CALLBACK_MS_Device_SCSICommandReceived            obj/MassStorageClassDevice.o
CALLBACK_USB_GetDescriptor                        obj/Descriptors.o
                                                  obj/DeviceStandardReq.o
CDC_Device_BytesReceived                          obj/CDCClassDevice.o
                                                  obj/Yek.o
CDC_Device_ConfigureEndpoints                     obj/CDCClassDevice.o
                                                  obj/Yek.o
CDC_Device_CreateBlockingStream                   obj/CDCClassDevice.o
CDC_Device_CreateStream                           obj/CDCClassDevice.o
                                                  obj/Yek.o
CDC_Device_Event_Stub                             obj/CDCClassDevice.o
CDC_Device_Flush                                  obj/CDCClassDevice.o
CDC_Device_ProcessControlRequest                  obj/CDCClassDevice.o
                                                  obj/Yek.o
CDC_Device_ReceiveByte                            obj/CDCClassDevice.o
                                                  obj/Yek.o
CDC_Device_SendByte                               obj/CDCClassDevice.o
CDC_Device_SendControlLineStateChange             obj/CDCClassDevice.o
CDC_Device_SendData                               obj/CDCClassDevice.o
CDC_Device_SendData_P                             obj/CDCClassDevice.o
CDC_Device_SendString                             obj/CDCClassDevice.o
CDC_Device_SendString_P                           obj/CDCClassDevice.o
CDC_Device_USBTask                                obj/CDCClassDevice.o
                                                  obj/Yek.o
Command_Packet::Command_Packet()                  obj/FPS_GT511C3.o
Command_Packet::Command_Packet()                  obj/FPS_GT511C3.o
Command_Packet::GetHighByte(unsigned int)         obj/FPS_GT511C3.o
Command_Packet::GetLowByte(unsigned int)          obj/FPS_GT511C3.o
Command_Packet::GetPacketBytes()                  obj/FPS_GT511C3.o
Command_Packet::ParameterFromInt(int)             obj/FPS_GT511C3.o
Command_Packet::_CalculateChecksum()              obj/FPS_GT511C3.o
ConfigurationDescriptor                           obj/Descriptors.o
DeviceDescriptor                                  obj/Descriptors.o
EVENT_Audio_Device_StreamStartStop                obj/AudioClassDevice.o
EVENT_CDC_Device_BreakSent                        obj/CDCClassDevice.o
EVENT_CDC_Device_ControLineStateChanged           obj/Yek.o
EVENT_CDC_Device_LineEncodingChanged              obj/CDCClassDevice.o
EVENT_PRNT_Device_SoftReset                       obj/PrinterClassDevice.o
EVENT_USB_Device_ConfigurationChanged             obj/Yek.o
                                                  obj/DeviceStandardReq.o
EVENT_USB_Device_Connect                          obj/Yek.o
                                                  obj/USBInterrupt_AVR8.o
EVENT_USB_Device_ControlRequest                   obj/Yek.o
                                                  obj/DeviceStandardReq.o
EVENT_USB_Device_Disconnect                       obj/Yek.o
                                                  obj/USBInterrupt_AVR8.o
EVENT_USB_Device_Reset                            obj/Events.o
                                                  obj/USBInterrupt_AVR8.o
EVENT_USB_Device_StartOfFrame                     obj/Events.o
                                                  obj/USBInterrupt_AVR8.o
EVENT_USB_Device_Suspend                          obj/Events.o
                                                  obj/USBInterrupt_AVR8.o
EVENT_USB_Device_WakeUp                           obj/Events.o
                                                  obj/USBInterrupt_AVR8.o
Endpoint_ClearEndpoints                           obj/Endpoint_AVR8.o
Endpoint_ClearStatusStage                         obj/Endpoint_AVR8.o
                                                  obj/PrinterClassDevice.o
                                                  obj/MassStorageClassDevice.o
                                                  obj/HIDClassDevice.o
                                                  obj/CDCClassDevice.o
                                                  obj/AudioClassDevice.o
                                                  obj/DeviceStandardReq.o
Endpoint_ConfigureEndpointTable                   obj/Endpoint_AVR8.o